Component: ARM Compiler 5.06 update 6 (build 750) Tool: armlink [4d35ed]

==============================================================================

Section Cross References

    main.o(i.AppTaskStart) refers to _scanf_int.o(.text) for _scanf_int
    main.o(i.AppTaskStart) refers to task_usart.o(i.UsartTaskCreate) for UsartTaskCreate
    main.o(i.AppTaskStart) refers to task_control.o(i.ControlTaskCreate) for ControlTaskCreate
    main.o(i.AppTaskStart) refers to servo.o(i.duoji) for duoji
    main.o(i.AppTaskStart) refers to bsp_dwt.o(i.bsp_DelayMS) for bsp_DelayMS
    main.o(i.AppTaskStart) refers to led.o(i.KEY_Scan) for KEY_Scan
    main.o(i.AppTaskStart) refers to nrf2401.o(i.nRF24L01_RxData) for nRF24L01_RxData
    main.o(i.AppTaskStart) refers to __0sscanf.o(.text) for __0sscanf
    main.o(i.AppTaskStart) refers to control.o(i.TuChuan_XY) for TuChuan_XY
    main.o(i.AppTaskStart) refers to ps2.o(i.PS2_ClearData) for PS2_ClearData
    main.o(i.AppTaskStart) refers to ps2.o(i.PS2_ReadData) for PS2_ReadData
    main.o(i.AppTaskStart) refers to ps2.o(i.PS2_DataKey) for PS2_DataKey
    main.o(i.AppTaskStart) refers to control.o(i.PS2_FangXiang) for PS2_FangXiang
    main.o(i.AppTaskStart) refers to main.o(.bss) for .bss
    main.o(i.AppTaskStart) refers to main.o(i.AppTaskStatistic) for AppTaskStatistic
    main.o(i.AppTaskStart) refers to rt_task.o(i.rt_tsk_create) for rt_tsk_create
    main.o(i.AppTaskStart) refers to main.o(.data) for .data
    main.o(i.AppTaskStart) refers to rt_time.o(i.rt_dly_wait) for rt_dly_wait
    main.o(i.AppTaskStart) refers to control.o(.data) for DuoJi_BiaoZhi
    main.o(i.AppTaskStart) refers to ps2.o(.data) for PS2_key
    main.o(i.AppTaskStatistic) refers to main.o(.data) for .data
    main.o(i.AppTaskStatistic) refers to rt_time.o(i.rt_dly_wait) for rt_dly_wait
    main.o(i.OSStatInit) refers to main.o(.data) for .data
    main.o(i.OSStatInit) refers to rt_time.o(i.rt_dly_wait) for rt_dly_wait
    main.o(i.main) refers to bsp.o(i.bsp_Init) for bsp_Init
    main.o(i.main) refers to bsp_dwt.o(i.bsp_DelayMS) for bsp_DelayMS
    main.o(i.main) refers to ps2.o(i.PS2_Init) for PS2_Init
    main.o(i.main) refers to ps2.o(i.PS2_SetInit) for PS2_SetInit
    main.o(i.main) refers to nrf2401.o(i.nRF24L01_InitHard) for nRF24L01_InitHard
    main.o(i.main) refers to nrf2401.o(i.NRF24L01_RT_Init) for NRF24L01_RT_Init
    main.o(i.main) refers to led.o(i.IO_InitHard) for IO_InitHard
    main.o(i.main) refers to stm32f4xx_rcc.o(i.RCC_GetClocksFreq) for RCC_GetClocksFreq
    main.o(i.main) refers to hal_cm4.o(.emb_text) for os_set_env
    main.o(i.main) refers to main.o(.bss) for .bss
    main.o(i.main) refers to main.o(i.AppTaskStart) for AppTaskStart
    main.o(i.main) refers to rt_task.o(i.rt_sys_init) for rt_sys_init
    rtx_conf_cm.o(i.os_idle_demon) refers to main.o(.data) for OSIdleCtr
    rtx_conf_cm.o(.data) refers to rtx_conf_cm.o(.bss) for mp_tmr
    task_usart.o(i.TaskChassisMsg) refers to bno055.o(i.Bno055_write) for Bno055_write
    task_usart.o(i.TaskChassisMsg) refers to bno055.o(i.pose_read_Chassis) for pose_read_Chassis
    task_usart.o(i.TaskChassisMsg) refers to task_usart.o(.bss) for .bss
    task_usart.o(i.TaskChassisMsg) refers to rt_mailbox.o(i.rt_mbx_wait) for rt_mbx_wait
    task_usart.o(i.TaskChassisMsg) refers to rt_time.o(i.rt_dly_wait) for rt_dly_wait
    task_usart.o(i.TaskChassisMsg) refers to bno055.o(.bss) for Chassis_Pose
    task_usart.o(i.TaskPTZMsg) refers to bno055.o(i.Bno055_write) for Bno055_write
    task_usart.o(i.TaskPTZMsg) refers to bno055.o(i.pose_read_PTZ) for pose_read_PTZ
    task_usart.o(i.TaskPTZMsg) refers to control.o(i.GY955_CTRL) for GY955_CTRL
    task_usart.o(i.TaskPTZMsg) refers to control.o(.data) for DuoJi_BiaoZhi
    task_usart.o(i.TaskPTZMsg) refers to bno055.o(.bss) for PTZ_Pose
    task_usart.o(i.TaskPTZMsg) refers to task_usart.o(.data) for .data
    task_usart.o(i.TaskPTZMsg) refers to task_usart.o(.bss) for .bss
    task_usart.o(i.TaskPTZMsg) refers to rt_mailbox.o(i.rt_mbx_wait) for rt_mbx_wait
    task_usart.o(i.TaskPTZMsg) refers to rt_time.o(i.rt_dly_wait) for rt_dly_wait
    task_usart.o(i.UsartTaskCreate) refers to bsp_usart_dma.o(i.Usart1_DriverInit) for Usart1_DriverInit
    task_usart.o(i.UsartTaskCreate) refers to bsp_usart_dma.o(i.Usart3_DriverInit) for Usart3_DriverInit
    task_usart.o(i.UsartTaskCreate) refers to bsp_usart_dma.o(i.Uart4_DriverInit) for Uart4_DriverInit
    task_usart.o(i.UsartTaskCreate) refers to bsp_usart_dma.o(i.Uart5_DriverInit) for Uart5_DriverInit
    task_usart.o(i.UsartTaskCreate) refers to task_usart.o(.bss) for .bss
    task_usart.o(i.UsartTaskCreate) refers to rt_mailbox.o(i.rt_mbx_init) for rt_mbx_init
    task_usart.o(i.UsartTaskCreate) refers to task_usart.o(i.TaskChassisMsg) for TaskChassisMsg
    task_usart.o(i.UsartTaskCreate) refers to rt_task.o(i.rt_tsk_create) for rt_tsk_create
    task_usart.o(i.UsartTaskCreate) refers to task_usart.o(.data) for .data
[...]
    i.rt_mbx_psh                             0x08005af4   Section        0  rt_mailbox.o(i.rt_mbx_psh)
    i.rt_mbx_wait                            0x08005bbc   Section        0  rt_mailbox.o(i.rt_mbx_wait)
    i.rt_pop_req                             0x08005c84   Section        0  rt_system.o(i.rt_pop_req)
    i.rt_psh_req                             0x08005d04   Section        0  rt_system.o(i.rt_psh_req)
    i.rt_psq_enq                             0x08005d24   Section        0  rt_list.o(i.rt_psq_enq)
    i.rt_put_dly                             0x08005d80   Section        0  rt_list.o(i.rt_put_dly)
    i.rt_put_prio                            0x08005de8   Section        0  rt_list.o(i.rt_put_prio)
    i.rt_put_rdy_first                       0x08005e2c   Section        0  rt_list.o(i.rt_put_rdy_first)
    i.rt_rmv_dly                             0x08005e40   Section        0  rt_list.o(i.rt_rmv_dly)
    i.rt_sem_psh                             0x08005e6c   Section        0  rt_semaphore.o(i.rt_sem_psh)
    i.rt_stk_check                           0x08005ea0   Section        0  rt_system.o(i.rt_stk_check)
    i.rt_switch_req                          0x08005ec4   Section        0  rt_task.o(i.rt_switch_req)
    i.rt_sys_init                            0x08005ed4   Section        0  rt_task.o(i.rt_sys_init)
    i.rt_systick                             0x08006088   Section        0  rt_system.o(i.rt_systick)
    i.rt_tmr_tick                            0x080060c8   Section        0  rt_timer.o(i.rt_tmr_tick)
    i.rt_tsk_create                          0x0800610c   Section        0  rt_task.o(i.rt_tsk_create)
    i.sqrt                                   0x080061f8   Section        0  sqrt.o(i.sqrt)
    i.temperature_ADC_init                   0x08006268   Section        0  bsp_adc.o(i.temperature_ADC_init)
    .constdata                               0x080062f0   Section        2  rtx_conf_cm.o(.constdata)
    .constdata                               0x080062f4   Section        4  rtx_conf_cm.o(.constdata)
    .constdata                               0x080062f8   Section        4  rtx_conf_cm.o(.constdata)
    .constdata                               0x080062fc   Section        1  rtx_conf_cm.o(.constdata)
    .constdata                               0x08006300   Section        8  rtx_conf_cm.o(.constdata)
    __tagsym$$used                           0x08006300   Number         0  rtx_conf_cm.o(.constdata)
    __tagsym$$used                           0x08006304   Number         0  rtx_conf_cm.o(.constdata)
    .constdata                               0x08006308   Section        2  rtx_conf_cm.o(.constdata)
    .constdata                               0x0800630c   Section        4  rtx_conf_cm.o(.constdata)
    .constdata                               0x08006310   Section        1  rtx_conf_cm.o(.constdata)
    .constdata                               0x08006312   Section        2  rtx_conf_cm.o(.constdata)
    .constdata                               0x08006314   Section        4  rt_system.o(.constdata)
    __tagsym$$used                           0x08006314   Number         0  rt_system.o(.constdata)
    .constdata                               0x08006318   Section       80  acos.o(.constdata)
    pS                                       0x08006318   Data          48  acos.o(.constdata)
    qS                                       0x08006348   Data          32  acos.o(.constdata)
    .constdata                               0x08006368   Section       48  cos_i.o(.constdata)
    C                                        0x08006368   Data          48  cos_i.o(.constdata)
    .constdata                               0x08006398   Section      200  rred.o(.constdata)
    pio2s                                    0x08006398   Data          48  rred.o(.constdata)
    twooverpi                                0x080063c8   Data         152  rred.o(.constdata)
    .constdata                               0x08006460   Section       40  sin_i.o(.constdata)
    S                                        0x08006460   Data          40  sin_i.o(.constdata)
    .constdata                               0x08006488   Section       64  ctype_c.o(.constdata)
    .data                                    0x20000000   Section       32  main.o(.data)
    .data                                    0x20000020   Section        4  rtx_conf_cm.o(.data)
    .data                                    0x20000024   Section       12  task_usart.o(.data)
    .data                                    0x20000030   Section       16  task_control.o(.data)
    .data                                    0x20000040   Section      120  control.o(.data)
    You_X_last                               0x20000084   Data           4  control.o(.data)
    You_Y_last                               0x20000088   Data           4  control.o(.data)
    .data                                    0x200000b8   Section        2  led.o(.data)
    flag_key1                                0x200000b8   Data           1  led.o(.data)
    flag_key2                                0x200000b9   Data           1  led.o(.data)
    .data                                    0x200000ba   Section       10  nrf2401.o(.data)
    .data                                    0x200000c4   Section        1  ps2.o(.data)
    .data                                    0x200000c6   Section       36  ps2.o(.data)
    .data                                    0x200000ec   Section       20  system_stm32f4xx.o(.data)
    .data                                    0x20000100   Section       16  stm32f4xx_rcc.o(.data)
    APBAHBPrescTable                         0x20000100   Data          16  stm32f4xx_rcc.o(.data)
    .data                                    0x20000110   Section        8  rt_system.o(.data)
    os_lock                                  0x20000110   Data           1  rt_system.o(.data)
    os_psh_flag                              0x20000111   Data           1  rt_system.o(.data)
    pend_flags                               0x20000112   Data           1  rt_system.o(.data)
    .data                                    0x20000118   Section        8  rt_task.o(.data)
    .data                                    0x20000120   Section        4  rt_time.o(.data)
    .data                                    0x20000124   Section        8  rt_timer.o(.data)
    .data                                    0x2000012c   Section        4  stdout.o(.data)
    .data                                    0x20000130   Section        4  errno.o(.data)
    _errno                                   0x20000130   Data           4  errno.o(.data)
    .bss                                     0x20000138   Section     1584  main.o(.bss)
    AppTaskStatStk                           0x20000138   Data        1024  main.o(.bss)
    AppTaskStartStk                          0x20000538   Data         512  main.o(.bss)
    .bss                                     0x20000768   Section      460  rtx_conf_cm.o(.bss)
    .bss                                     0x20000938   Section     6160  rtx_conf_cm.o(.bss)
    .bss                                     0x20002148   Section      132  rtx_conf_cm.o(.bss)
    .bss                                     0x200021cc   Section       32  rtx_conf_cm.o(.bss)
    .bss                                     0x200021ec   Section       52  rtx_conf_cm.o(.bss)
    .bss                                     0x20002220   Section     2240  task_usart.o(.bss)
    TaskChassisMsgStk                        0x20002220   Data        1024  task_usart.o(.bss)
    TaskPTZMsgStk                            0x20002620   Data        1024  task_usart.o(.bss)
    .bss                                     0x20002ae0   Section     2048  task_control.o(.bss)
    TaskCTRLMotorStk                         0x20002ae0   Data        1024  task_control.o(.bss)
    TaskCTRLSerovStk                         0x20002ee0   Data        1024  task_control.o(.bss)
    .bss                                     0x200032e0   Section      240  control.o(.bss)
    .bss                                     0x200033d0   Section       28  bno055.o(.bss)
    .bss                                     0x200033ec   Section       28  bno055.o(.bss)
    .bss                                     0x20003408   Section        9  ps2.o(.bss)
    .bss                                     0x20003411   Section       12  servo.o(.bss)
    .bss                                     0x2000341e   Section     1548  bsp_usart_dma.o(.bss)
    .bss                                     0x20003a2c   Section       48  rt_list.o(.bss)
    .bss                                     0x20003a5c   Section       56  rt_task.o(.bss)
    STACK                                    0x20003a98   Section     1024  startup_stm32f427_437xx.o(STACK)

    Global Symbols

    Symbol Name                              Value     Ov Type        Size  Object(Section)

    BuildAttributes$$THM_ISAv4$E$P$D$K$B$S$7EM$VFPi3$EXTD16$VFPS$VFMA$PE$A:L22UL41UL21$X:L11$S22US41US21$IEEE1$IW$USESV6$~STKCKD$USESV7$~SHL$OTIME$ROPI$IEEEX$EBA8$MICROLIB$REQ8$PRES8$EABIv2 0x00000000   Number         0  anon$$obj.o ABSOLUTE
    __ARM_use_no_argv                        0x00000000   Number         0  main.o ABSOLUTE
    __cpp_initialize__aeabi_                  - Undefined Weak Reference
    __cxa_finalize                            - Undefined Weak Reference
    _clock_init                               - Undefined Weak Reference
    _microlib_exit                            - Undefined Weak Reference
    _scanf_longlong                           - Undefined Weak Reference
    _scanf_real                               - Undefined Weak Reference
    _scanf_string                             - Undefined Weak Reference
    __Vectors_Size                           0x000001ac   Number         0  startup_stm32f427_437xx.o ABSOLUTE
    __RL_RTX_VER                             0x00000473   Number         0  rt_system.o ABSOLUTE
    __Vectors                                0x08000000   Data           4  startup_stm32f427_437xx.o(RESET)
    __Vectors_End                            0x080001ac   Data           0  startup_stm32f427_437xx.o(RESET)
    __main                                   0x080001ad   Thumb Code     0  entry.o(.ARM.Collect$$$$00000000)
    _main_stk                                0x080001ad   Thumb Code     0  entry2.o(.ARM.Collect$$$$00000001)
    _main_scatterload                        0x080001b1   Thumb Code     0  entry5.o(.ARM.Collect$$$$00000004)
    __main_after_scatterload                 0x080001b5   Thumb Code     0  entry5.o(.ARM.Collect$$$$00000004)
    _main_clock                              0x080001b5   Thumb Code     0  entry7b.o(.ARM.Collect$$$$00000008)
    _main_cpp_init                           0x080001b5   Thumb Code     0  entry8b.o(.ARM.Collect$$$$0000000A)
    _main_init                               0x080001b5   Thumb Code     0  entry9a.o(.ARM.Collect$$$$0000000B)
    __rt_final_cpp                           0x080001bd   Thumb Code     0  entry10a.o(.ARM.Collect$$$$0000000D)
    __rt_final_exit                          0x080001bd   Thumb Code     0  entry11a.o(.ARM.Collect$$$$0000000F)
    rt_set_PSP                               0x080001c1   Thumb Code     6  hal_cm4.o(.emb_text)
    rt_get_PSP                               0x080001c7   Thumb Code     6  hal_cm4.o(.emb_text)
    os_set_env                               0x080001cd   Thumb Code    24  hal_cm4.o(.emb_text)
    _alloc_box                               0x080001e9   Thumb Code    28  hal_cm4.o(.emb_text)
    _free_box                                0x08000209   Thumb Code    28  hal_cm4.o(.emb_text)
    SVC_Handler                              0x08000229   Thumb Code   160  hal_cm4.o(.emb_text)
    PendSV_Handler                           0x080002d5   Thumb Code   112  hal_cm4.o(.emb_text)
    SysTick_Handler                          0x08000349   Thumb Code     8  hal_cm4.o(.emb_text)
    OS_Tick_Handler                          0x08000351   Thumb Code    12  hal_cm4.o(.emb_text)
    Reset_Handler                            0x0800035d   Thumb Code     8  startup_stm32f427_437xx.o(.text)
    ADC_IRQHandler                           0x08000377   Thumb Code     0  startup_stm32f427_437xx.o(.text)
    CAN1_RX0_IRQHandler                      0x08000377   Thumb Code     0  startup_stm32f427_437xx.o(.text)
    CAN1_RX1_IRQHandler                      0x08000377   Thumb Code     0  startup_stm32f427_437xx.o(.text)
    CAN1_SCE_IRQHandler                      0x08000377   Thumb Code     0  startup_stm32f427_437xx.o(.text)
    CAN1_TX_IRQHandler                       0x08000377   Thumb Code     0  startup_stm32f427_437xx.o(.text)
    CAN2_RX0_IRQHandler                      0x08000377   Thumb Code     0  startup_stm32f427_437xx.o(.text)
    CAN2_RX1_IRQHandler                      0x08000377   Thumb Code     0  startup_stm32f427_437xx.o(.text)
    CAN2_SCE_IRQHandler                      0x08000377   Thumb Code     0  startup_stm32f427_437xx.o(.text)
    CAN2_TX_IRQHandler                       0x08000377   Thumb Code     0  startup_stm32f427_437xx.o(.text)
    CRYP_IRQHandler                          0x08000377   Thumb Code     0  startup_stm32f427_437xx.o(.text)
    DCMI_IRQHandler                          0x08000377   Thumb Code     0  startup_stm32f427_437xx.o(.text)
    DMA1_Stream0_IRQHandler                  0x08000377   Thumb Code     0  startup_stm32f427_437xx.o(.text)
    DMA1_Stream1_IRQHandler                  0x08000377   Thumb Code     0  startup_stm32f427_437xx.o(.text)
    DMA1_Stream2_IRQHandler                  0x08000377   Thumb Code     0  startup_stm32f427_437xx.o(.text)
    DMA1_Stream3_IRQHandler                  0x08000377   Thumb Code     0  startup_stm32f427_437xx.o(.text)
    DMA1_Stream4_IRQHandler                  0x08000377   Thumb Code     0  startup_stm32f427_437xx.o(.text)
    DMA1_Stream5_IRQHandler                  0x08000377   Thumb Code     0  startup_stm32f427_437xx.o(.text)
    DMA1_Stream6_IRQHandler                  0x08000377   Thumb Code     0  startup_stm32f427_437xx.o(.text)
    DMA1_Stream7_IRQHandler                  0x08000377   Thumb Code     0  startup_stm32f427_437xx.o(.text)
    DMA2D_IRQHandler                         0x08000377   Thumb Code     0  startup_stm32f427_437xx.o(.text)
    DMA2_Stream0_IRQHandler                  0x08000377   Thumb Code     0  startup_stm32f427_437xx.o(.text)
    DMA2_Stream1_IRQHandler                  0x08000377   Thumb Code     0  startup_stm32f427_437xx.o(.text)
    DMA2_Stream2_IRQHandler                  0x08000377   Thumb Code     0  startup_stm32f427_437xx.o(.text)
    DMA2_Stream3_IRQHandler                  0x08000377   Thumb Code     0  startup_stm32f427_437xx.o(.text)
    DMA2_Stream4_IRQHandler                  0x08000377   Thumb Code     0  startup_stm32f427_437xx.o(.text)
    DMA2_Stream5_IRQHandler                  0x08000377   Thumb Code     0  startup_stm32f427_437xx.o(.text)
    DMA2_Stream6_IRQHandler                  0x08000377   Thumb Code     0  startup_stm32f427_437xx.o(.text)
    DMA2_Stream7_IRQHandler                  0x08000377   Thumb Code     0  startup_stm32f427_437xx.o(.text)
    ETH_IRQHandler                           0x08000377   Thumb Code     0  startup_stm32f427_437xx.o(.text)
    ETH_WKUP_IRQHandler                      0x08000377   Thumb Code     0  startup_stm32f427_437xx.o(.text)
    EXTI0_IRQHandler                         0x08000377   Thumb Code     0  startup_stm32f427_437xx.o(.text)
    EXTI15_10_IRQHandler                     0x08000377   Thumb Code     0  startup_stm32f427_437xx.o(.text)
    EXTI1_IRQHandler                         0x08000377   Thumb Code     0  startup_stm32f427_437xx.o(.text)
    EXTI2_IRQHandler                         0x08000377   Thumb Code     0  startup_stm32f427_437xx.o(.text)
    EXTI3_IRQHandler                         0x08000377   Thumb Code     0  startup_stm32f427_437xx.o(.text)
    EXTI4_IRQHandler                         0x08000377   Thumb Code     0  startup_stm32f427_437xx.o(.text)
    EXTI9_5_IRQHandler                       0x08000377   Thumb Code     0  startup_stm32f427_437xx.o(.text)
    FLASH_IRQHandler                         0x08000377   Thumb Code     0  startup_stm32f427_437xx.o(.text)
    FMC_IRQHandler                           0x08000377   Thumb Code     0  startup_stm32f427_437xx.o(.text)
    FPU_IRQHandler                           0x08000377   Thumb Code     0  startup_stm32f427_437xx.o(.text)
    HASH_RNG_IRQHandler                      0x08000377   Thumb Code     0  startup_stm32f427_437xx.o(.text)
    I2C1_ER_IRQHandler                       0x08000377   Thumb Code     0  startup_stm32f427_437xx.o(.text)
    I2C1_EV_IRQHandler                       0x08000377   Thumb Code     0  startup_stm32f427_437xx.o(.text)
    I2C2_ER_IRQHandler                       0x08000377   Thumb Code     0  startup_stm32f427_437xx.o(.text)
    I2C2_EV_IRQHandler                       0x08000377   Thumb Code     0  startup_stm32f427_437xx.o(.text)
    I2C3_ER_IRQHandler                       0x08000377   Thumb Code     0  startup_stm32f427_437xx.o(.text)
    I2C3_EV_IRQHandler                       0x08000377   Thumb Code     0  startup_stm32f427_437xx.o(.text)
    OTG_FS_IRQHandler                        0x08000377   Thumb Code     0  startup_stm32f427_437xx.o(.text)
    OTG_FS_WKUP_IRQHandler                   0x08000377   Thumb Code     0  startup_stm32f427_437xx.o(.text)
    OTG_HS_EP1_IN_IRQHandler                 0x08000377   Thumb Code     0  startup_stm32f427_437xx.o(.text)
    OTG_HS_EP1_OUT_IRQHandler                0x08000377   Thumb Code     0  startup_stm32f427_437xx.o(.text)
    OTG_HS_IRQHandler                        0x08000377   Thumb Code     0  startup_stm32f427_437xx.o(.text)
    OTG_HS_WKUP_IRQHandler                   0x08000377   Thumb Code     0  startup_stm32f427_437xx.o(.text)
    PVD_IRQHandler                           0x08000377   Thumb Code     0  startup_stm32f427_437xx.o(.text)
    RCC_IRQHandler                           0x08000377   Thumb Code     0  startup_stm32f427_437xx.o(.text)
    RTC_Alarm_IRQHandler                     0x08000377   Thumb Code     0  startup_stm32f427_437xx.o(.text)
    RTC_WKUP_IRQHandler                      0x08000377   Thumb Code     0  startup_stm32f427_437xx.o(.text)
    SAI1_IRQHandler                          0x08000377   Thumb Code     0  startup_stm32f427_437xx.o(.text)
    SDIO_IRQHandler                          0x08000377   Thumb Code     0  startup_stm32f427_437xx.o(.text)
    SPI1_IRQHandler                          0x08000377   Thumb Code     0  startup_stm32f427_437xx.o(.text)
    SPI2_IRQHandler                          0x08000377   Thumb Code     0  startup_stm32f427_437xx.o(.text)
    SPI3_IRQHandler                          0x08000377   Thumb Code     0  startup_stm32f427_437xx.o(.text)
    SPI4_IRQHandler                          0x08000377   Thumb Code     0  startup_stm32f427_437xx.o(.text)
    SPI5_IRQHandler                          0x08000377   Thumb Code     0  startup_stm32f427_437xx.o(.text)
    SPI6_IRQHandler                          0x08000377   Thumb Code     0  startup_stm32f427_437xx.o(.text)
    TAMP_STAMP_IRQHandler                    0x08000377   Thumb Code     0  startup_stm32f427_437xx.o(.text)
    TIM1_BRK_TIM9_IRQHandler                 0x08000377   Thumb Code     0  startup_stm32f427_437xx.o(.text)
    TIM1_CC_IRQHandler                       0x08000377   Thumb Code     0  startup_stm32f427_437xx.o(.text)
    TIM1_TRG_COM_TIM11_IRQHandler            0x08000377   Thumb Code     0  startup_stm32f427_437xx.o(.text)
    TIM1_UP_TIM10_IRQHandler                 0x08000377   Thumb Code     0  startup_stm32f427_437xx.o(.text)
    TIM5_IRQHandler                          0x08000377   Thumb Code     0  startup_stm32f427_437xx.o(.text)
    TIM6_DAC_IRQHandler                      0x08000377   Thumb Code     0  startup_stm32f427_437xx.o(.text)
    TIM7_IRQHandler                          0x08000377   Thumb Code     0  startup_stm32f427_437xx.o(.text)
    TIM8_BRK_TIM12_IRQHandler                0x08000377   Thumb Code     0  startup_stm32f427_437xx.o(.text)
    TIM8_CC_IRQHandler                       0x08000377   Thumb Code     0  startup_stm32f427_437xx.o(.text)
    TIM8_TRG_COM_TIM14_IRQHandler            0x08000377   Thumb Code     0  startup_stm32f427_437xx.o(.text)
    TIM8_UP_TIM13_IRQHandler                 0x08000377   Thumb Code     0  startup_stm32f427_437xx.o(.text)
    UART7_IRQHandler                         0x08000377   Thumb Code     0  startup_stm32f427_437xx.o(.text)
    UART8_IRQHandler                         0x08000377   Thumb Code     0  startup_stm32f427_437xx.o(.text)
    WWDG_IRQHandler                          0x08000377   Thumb Code     0  startup_stm32f427_437xx.o(.text)
    __0sscanf                                0x08000381   Thumb Code    48  __0sscanf.o(.text)
    _scanf_int                               0x080003b9   Thumb Code   332  _scanf_int.o(.text)
    __aeabi_dadd                             0x08000505   Thumb Code   322  dadd.o(.text)
    __aeabi_dsub                             0x08000647   Thumb Code     6  dadd.o(.text)
    __aeabi_drsub                            0x0800064d   Thumb Code     6  dadd.o(.text)
    __aeabi_dmul                             0x08000653   Thumb Code   228  dmul.o(.text)
    __aeabi_ddiv                             0x08000737   Thumb Code   222  ddiv.o(.text)
    __aeabi_i2d                              0x08000815   Thumb Code    34  dflti.o(.text)
    __aeabi_d2iz                             0x08000837   Thumb Code    62  dfixi.o(.text)
    __aeabi_f2d                              0x08000875   Thumb Code    38  f2d.o(.text)
    __aeabi_cdcmpeq                          0x0800089d   Thumb Code     0  cdcmple.o(.text)
    __aeabi_cdcmple                          0x0800089d   Thumb Code    48  cdcmple.o(.text)
    __aeabi_d2f                              0x080008cd   Thumb Code    56  d2f.o(.text)
    __aeabi_llsl                             0x08000905   Thumb Code    30  llshl.o(.text)
    _ll_shift_l                              0x08000905   Thumb Code     0  llshl.o(.text)
    __aeabi_llsr                             0x08000923   Thumb Code    32  llushr.o(.text)
    _ll_ushift_r                             0x08000923   Thumb Code     0  llushr.o(.text)
    __aeabi_lasr                             0x08000943   Thumb Code    36  llsshr.o(.text)
    _ll_sshift_r                             0x08000943   Thumb Code     0  llsshr.o(.text)
    _chval                                   0x08000967   Thumb Code    28  _chval.o(.text)
    __vfscanf_char                           0x08000991   Thumb Code    20  scanf_char.o(.text)
    _sgetc                                   0x080009ad   Thumb Code    30  _sgetc.o(.text)
    _sbackspace                              0x080009cb   Thumb Code    34  _sgetc.o(.text)
    __I$use$fp                               0x080009ed   Thumb Code     0  iusefp.o(.text)
    _float_round                             0x080009ed   Thumb Code    18  fepilogue.o(.text)
    _float_epilogue                          0x080009ff   Thumb Code    92  fepilogue.o(.text)
    _double_round                            0x08000a5b   Thumb Code    30  depilogue.o(.text)
    _double_epilogue                         0x08000a79   Thumb Code   156  depilogue.o(.text)
    _dsqrt                                   0x08000b15   Thumb Code   162  dsqrt.o(.text)
    __scatterload                            0x08000bb9   Thumb Code    28  init.o(.text)
    __scatterload_rt2                        0x08000bb9   Thumb Code     0  init.o(.text)
    isspace                                  0x08000bdd   Thumb Code    10  isspace_c.o(.text)
    __vfscanf                                0x08000be9   Thumb Code   808  _scanf.o(.text)
    __aeabi_ui2d                             0x08000f15   Thumb Code    26  dfltui.o(.text)
    __ctype_lookup                           0x08000f31   Thumb Code    34  ctype_c.o(.text)
    __decompress                             0x08000f59   Thumb Code     0  __dczerorl2.o(.text)
    __decompress1                            0x08000f59   Thumb Code    86  __dczerorl2.o(.text)
    SVC_Count                                0x08000fb0   Data           4  svc_table.o(SVC_TABLE)
    ADC_ClearFlag                            0x08000fb5   Thumb Code     6  stm32f4xx_adc.o(i.ADC_ClearFlag)
    SVC_Table                                0x08000fb4   Data           0  svc_table.o(SVC_TABLE)
    ADC_Cmd                                  0x08000fbb   Thumb Code    18  stm32f4xx_adc.o(i.ADC_Cmd)
    ADC_CommonInit                           0x08000fcd   Thumb Code    36  stm32f4xx_adc.o(i.ADC_CommonInit)
    ADC_GetConversionValue                   0x08000ff9   Thumb Code     6  stm32f4xx_adc.o(i.ADC_GetConversionValue)
    ADC_GetFlagStatus                        0x08000fff   Thumb Code    14  stm32f4xx_adc.o(i.ADC_GetFlagStatus)
    ADC_Init                                 0x0800100d   Thumb Code    80  stm32f4xx_adc.o(i.ADC_Init)
    ADC_RegularChannelConfig                 0x08001061   Thumb Code   146  stm32f4xx_adc.o(i.ADC_RegularChannelConfig)
    ADC_SoftwareStartConv                    0x080010f3   Thumb Code    10  stm32f4xx_adc.o(i.ADC_SoftwareStartConv)
    ADC_TempSensorVrefintCmd                 0x080010fd   Thumb Code    24  stm32f4xx_adc.o(i.ADC_TempSensorVrefintCmd)
    Angle_Mode                               0x08001119   Thumb Code   110  servo.o(i.Angle_Mode)
    AppTaskStart                             0x08001191   Thumb Code   222  main.o(i.AppTaskStart)
    AppTaskStatistic                         0x080012ad   Thumb Code   102  main.o(i.AppTaskStatistic)
    BSP_TIM1_PWM                             0x08001329   Thumb Code   336  bsp_tim_pwm.o(i.BSP_TIM1_PWM)
    Bno055_write                             0x08001489   Thumb Code    32  bno055.o(i.Bno055_write)
    BusFault_Handler                         0x080014a9   Thumb Code     2  stm32f4xx_it.o(i.BusFault_Handler)
    Car_Speed                                0x080014b1   Thumb Code   550  control.o(i.Car_Speed)
    ControlTaskCreate                        0x08001711   Thumb Code    40  task_control.o(i.ControlTaskCreate)
    DMA_ClearFlag                            0x08001759   Thumb Code    28  stm32f4xx_dma.o(i.DMA_ClearFlag)
    DMA_Cmd                                  0x08001785   Thumb Code    18  stm32f4xx_dma.o(i.DMA_Cmd)
    DMA_DeInit                               0x08001799   Thumb Code   298  stm32f4xx_dma.o(i.DMA_DeInit)
    DMA_GetCmdStatus                         0x0800191d   Thumb Code    16  stm32f4xx_dma.o(i.DMA_GetCmdStatus)
    DMA_GetCurrDataCounter                   0x0800192d   Thumb Code     6  stm32f4xx_dma.o(i.DMA_GetCurrDataCounter)
    DMA_ITConfig                             0x08001933   Thumb Code    64  stm32f4xx_dma.o(i.DMA_ITConfig)
    DMA_Init                                 0x08001975   Thumb Code   116  stm32f4xx_dma.o(i.DMA_Init)
    DMA_SetCurrDataCounter                   0x080019ed   Thumb Code     4  stm32f4xx_dma.o(i.DMA_SetCurrDataCounter)
    DebugMon_Handler                         0x080019f1   Thumb Code     2  stm32f4xx_it.o(i.DebugMon_Handler)
    DianJi_Speed                             0x080019f5   Thumb Code    78  control.o(i.DianJi_Speed)
    GPIO_Config                              0x08001a59   Thumb Code    64  bsp_gpio.o(i.GPIO_Config)
    GPIO_Init                                0x08001a99   Thumb Code   154  stm32f4xx_gpio.o(i.GPIO_Init)
    GPIO_PinAFConfig                         0x08001b33   Thumb Code    34  stm32f4xx_gpio.o(i.GPIO_PinAFConfig)
    GPIO_ResetBits                           0x08001b55   Thumb Code     4  stm32f4xx_gpio.o(i.GPIO_ResetBits)
    GY955_CTRL                               0x08001b59   Thumb Code    22  control.o(i.GY955_CTRL)
    HardFault_Handler                        0x08001b7d   Thumb Code    28  stm32f4xx_it.o(i.HardFault_Handler)
    IO_InitHard                              0x08001bc9   Thumb Code   132  led.o(i.IO_InitHard)
    KEY_Scan                                 0x08001c59   Thumb Code    78  led.o(i.KEY_Scan)
    MemManage_Handler                        0x08001cb1   Thumb Code     2  stm32f4xx_it.o(i.MemManage_Handler)
    NMI_Handler                              0x08001cb3   Thumb Code     2  stm32f4xx_it.o(i.NMI_Handler)
    NRF24L01_RT_Init                         0x08001cb5   Thumb Code    96  nrf2401.o(i.NRF24L01_RT_Init)
    NVIC_Init                                0x08001d99   Thumb Code   106  misc.o(i.NVIC_Init)
    NVIC_PriorityGroupConfig                 0x08001e09   Thumb Code    14  misc.o(i.NVIC_PriorityGroupConfig)
    PID_GY955                                0x08001e21   Thumb Code   256  control.o(i.PID_GY955)
    PID_PWM                                  0x08001f39   Thumb Code   224  control.o(i.PID_PWM)
    PID_set                                  0x08002029   Thumb Code    68  control.o(i.PID_set)
    PS2_AnologData                           0x08002071   Thumb Code     6  ps2.o(i.PS2_AnologData)
    PS2_ClearData                            0x0800207d   Thumb Code    12  ps2.o(i.PS2_ClearData)
    PS2_Cmd                                  0x0800208d   Thumb Code   130  ps2.o(i.PS2_Cmd)
    PS2_DataKey                              0x08002119   Thumb Code    50  ps2.o(i.PS2_DataKey)
    PS2_FangXiang                            0x08002159   Thumb Code   576  control.o(i.PS2_FangXiang)
    PS2_Init                                 0x080023cd   Thumb Code    78  ps2.o(i.PS2_Init)
    PS2_ReadData                             0x08002421   Thumb Code   188  ps2.o(i.PS2_ReadData)
    PS2_SetInit                              0x080024e9   Thumb Code   406  ps2.o(i.PS2_SetInit)
    PS2_YaoGan_DianJi                        0x08002689   Thumb Code   248  control.o(i.PS2_YaoGan_DianJi)
    PS2_YaoGan_DuoJi                         0x080027b1   Thumb Code   256  control.o(i.PS2_YaoGan_DuoJi)
    RCC_AHB1PeriphClockCmd                   0x080028d5   Thumb Code    18  stm32f4xx_rcc.o(i.RCC_AHB1PeriphClockCmd)
    RCC_APB1PeriphClockCmd                   0x080028ed   Thumb Code    18  stm32f4xx_rcc.o(i.RCC_APB1PeriphClockCmd)
    RCC_APB1PeriphResetCmd                   0x08002905   Thumb Code    18  stm32f4xx_rcc.o(i.RCC_APB1PeriphResetCmd)
    RCC_APB2PeriphClockCmd                   0x0800291d   Thumb Code    18  stm32f4xx_rcc.o(i.RCC_APB2PeriphClockCmd)
    RCC_APB2PeriphResetCmd                   0x08002935   Thumb Code    18  stm32f4xx_rcc.o(i.RCC_APB2PeriphResetCmd)
    RCC_GetClocksFreq                        0x0800294d   Thumb Code   150  stm32f4xx_rcc.o(i.RCC_GetClocksFreq)
    SPI_Cmd                                  0x080029f9   Thumb Code    18  stm32f4xx_spi.o(i.SPI_Cmd)
    SPI_I2S_GetFlagStatus                    0x08002a0b   Thumb Code    14  stm32f4xx_spi.o(i.SPI_I2S_GetFlagStatus)
    SPI_I2S_ReceiveData                      0x08002a19   Thumb Code     4  stm32f4xx_spi.o(i.SPI_I2S_ReceiveData)
    SPI_I2S_SendData                         0x08002a1d   Thumb Code     4  stm32f4xx_spi.o(i.SPI_I2S_SendData)
    SystemCoreClockUpdate                    0x08002a21   Thumb Code   112  system_stm32f4xx.o(i.SystemCoreClockUpdate)
    SystemInit                               0x08002aa9   Thumb Code   286  system_stm32f4xx.o(i.SystemInit)
    TIM2_EncoderInit                         0x08002bed   Thumb Code   204  bsp_tim_encorde.o(i.TIM2_EncoderInit)
    TIM2_IRQHandler                          0x08002cc1   Thumb Code    16  bsp_tim_encorde.o(i.TIM2_IRQHandler)
    TIM3_EncoderInit                         0x08002cd1   Thumb Code   206  bsp_tim_encorde.o(i.TIM3_EncoderInit)
    TIM3_IRQHandler                          0x08002da9   Thumb Code    14  bsp_tim_encorde.o(i.TIM3_IRQHandler)
    TIM4_EncoderInit                         0x08002dbd   Thumb Code   208  bsp_tim_encorde.o(i.TIM4_EncoderInit)
    TIM4_IRQHandler                          0x08002e95   Thumb Code    14  bsp_tim_encorde.o(i.TIM4_IRQHandler)
    TIM_ARRPreloadConfig                     0x08002ea9   Thumb Code    18  stm32f4xx_tim.o(i.TIM_ARRPreloadConfig)
    TIM_ClearFlag                            0x08002ebb   Thumb Code     6  stm32f4xx_tim.o(i.TIM_ClearFlag)
    TIM_Cmd                                  0x08002ec1   Thumb Code    18  stm32f4xx_tim.o(i.TIM_Cmd)
    TIM_CtrlPWMOutputs                       0x08002ed3   Thumb Code    22  stm32f4xx_tim.o(i.TIM_CtrlPWMOutputs)
    TIM_EncoderInterfaceConfig               0x08002ee9   Thumb Code    60  stm32f4xx_tim.o(i.TIM_EncoderInterfaceConfig)
    TIM_ICInit                               0x08002f25   Thumb Code   294  stm32f4xx_tim.o(i.TIM_ICInit)
    TIM_ICStructInit                         0x0800304b   Thumb Code    16  stm32f4xx_tim.o(i.TIM_ICStructInit)
    TIM_ITConfig                             0x0800305b   Thumb Code    16  stm32f4xx_tim.o(i.TIM_ITConfig)
    TIM_OC1Init                              0x0800306b   Thumb Code   104  stm32f4xx_tim.o(i.TIM_OC1Init)
    TIM_OC1PreloadConfig                     0x080030d3   Thumb Code    12  stm32f4xx_tim.o(i.TIM_OC1PreloadConfig)
    TIM_OC2Init                              0x080030df   Thumb Code   138  stm32f4xx_tim.o(i.TIM_OC2Init)
    TIM_OC2PreloadConfig                     0x08003169   Thumb Code    20  stm32f4xx_tim.o(i.TIM_OC2PreloadConfig)
    TIM_OC3Init                              0x0800317d   Thumb Code   140  stm32f4xx_tim.o(i.TIM_OC3Init)
    TIM_OC3PreloadConfig                     0x08003209   Thumb Code    12  stm32f4xx_tim.o(i.TIM_OC3PreloadConfig)
    TIM_SetCounter                           0x08003215   Thumb Code     4  stm32f4xx_tim.o(i.TIM_SetCounter)
    TIM_TimeBaseInit                         0x08003219   Thumb Code   120  stm32f4xx_tim.o(i.TIM_TimeBaseInit)
    TIM_TimeBaseStructInit                   0x08003299   Thumb Code    18  stm32f4xx_tim.o(i.TIM_TimeBaseStructInit)
    TaskCTRLMotor                            0x080032ad   Thumb Code   156  task_control.o(i.TaskCTRLMotor)
    TaskCTRLSerov                            0x08003371   Thumb Code    86  task_control.o(i.TaskCTRLSerov)
    TaskChassisMsg                           0x080033e1   Thumb Code    44  task_usart.o(i.TaskChassisMsg)
    TaskPTZMsg                               0x08003421   Thumb Code    98  task_usart.o(i.TaskPTZMsg)
    TuChuan_XY                               0x080034a9   Thumb Code   334  control.o(i.TuChuan_XY)
    UART4_IRQHandler                         0x0800360d   Thumb Code   100  bsp_usart_dma.o(i.UART4_IRQHandler)
    UART5_IRQHandler                         0x08003689   Thumb Code    98  bsp_usart_dma.o(i.UART5_IRQHandler)
    USART1_IRQHandler                        0x08003701   Thumb Code    76  bsp_usart_dma.o(i.USART1_IRQHandler)
    USART2_IRQHandler                        0x0800375d   Thumb Code    78  bsp_usart_dma.o(i.USART2_IRQHandler)
    USART3_IRQHandler                        0x080037c1   Thumb Code    78  bsp_usart_dma.o(i.USART3_IRQHandler)
    USART6_IRQHandler                        0x08003825   Thumb Code    78  bsp_usart_dma.o(i.USART6_IRQHandler)
    USART_ClearFlag                          0x08003889   Thumb Code     6  stm32f4xx_usart.o(i.USART_ClearFlag)
    USART_Cmd                                0x0800388f   Thumb Code    18  stm32f4xx_usart.o(i.USART_Cmd)
    USART_DMACmd                             0x08003965   Thumb Code    16  stm32f4xx_usart.o(i.USART_DMACmd)
    USART_DeInit                             0x08003d29   Thumb Code   256  stm32f4xx_usart.o(i.USART_DeInit)
    USART_GetFlagStatus                      0x08003e29   Thumb Code    14  stm32f4xx_usart.o(i.USART_GetFlagStatus)
    USART_GetITStatus                        0x08003e37   Thumb Code    76  stm32f4xx_usart.o(i.USART_GetITStatus)
    USART_ITConfig                           0x08003e83   Thumb Code    48  stm32f4xx_usart.o(i.USART_ITConfig)
    USART_Init                               0x08003eb5   Thumb Code   180  stm32f4xx_usart.o(i.USART_Init)
    USART_SendData                           0x08003f6d   Thumb Code     8  stm32f4xx_usart.o(i.USART_SendData)
    USART_sendByte                           0x08003f75   Thumb Code    22  bsp_usart_dma.o(i.USART_sendByte)
    Uart4_DriverInit                         0x08003f8d   Thumb Code   132  bsp_usart_dma.o(i.Uart4_DriverInit)
    Uart5_DriverInit                         0x0800401d   Thumb Code   168  bsp_usart_dma.o(i.Uart5_DriverInit)
    Update_Speed                             0x080040d9   Thumb Code   114  control.o(i.Update_Speed)
    UsageFault_Handler                       0x08004169   Thumb Code     2  stm32f4xx_it.o(i.UsageFault_Handler)
    Usart1_DriverInit                        0x0800416d   Thumb Code   148  bsp_usart_dma.o(i.Usart1_DriverInit)
    Usart3_DriverInit                        0x0800420d   Thumb Code   148  bsp_usart_dma.o(i.Usart3_DriverInit)
    UsartTaskCreate                          0x080042ad   Thumb Code   106  task_usart.o(i.UsartTaskCreate)
    __0printf$bare                           0x08004345   Thumb Code     8  printfb.o(i.__0printf$bare)
    __1printf$bare                           0x08004345   Thumb Code     0  printfb.o(i.__0printf$bare)
    __2printf                                0x08004345   Thumb Code     0  printfb.o(i.__0printf$bare)
    __ARM_fpclassify                         0x08004355   Thumb Code    48  fpclassify.o(i.__ARM_fpclassify)
    __hardfp_acos                            0x08004389   Thumb Code   738  acos.o(i.__hardfp_acos)
    __hardfp_cos                             0x080046e1   Thumb Code   180  cos.o(i.__hardfp_cos)
    __hardfp_sin                             0x080047a9   Thumb Code   180  sin.o(i.__hardfp_sin)
    __hardfp_sqrt                            0x08004871   Thumb Code   122  sqrt.o(i.__hardfp_sqrt)
    __ieee754_rem_pio2                       0x080048f1   Thumb Code   938  rred.o(i.__ieee754_rem_pio2)
    __kernel_cos                             0x08004d29   Thumb Code   322  cos_i.o(i.__kernel_cos)
    __kernel_poly                            0x08004e99   Thumb Code   248  poly.o(i.__kernel_poly)
    __kernel_sin                             0x08004f91   Thumb Code   280  sin_i.o(i.__kernel_sin)
    __mathlib_dbl_infnan                     0x080050c1   Thumb Code    20  dunder.o(i.__mathlib_dbl_infnan)
    __mathlib_dbl_invalid                    0x080050d9   Thumb Code    24  dunder.o(i.__mathlib_dbl_invalid)
    __mathlib_dbl_underflow                  0x080050f9   Thumb Code    24  dunder.o(i.__mathlib_dbl_underflow)
    __scatterload_copy                       0x08005119   Thumb Code    14  handlers.o(i.__scatterload_copy)
    __scatterload_null                       0x08005127   Thumb Code     2  handlers.o(i.__scatterload_null)
    __scatterload_zeroinit                   0x08005129   Thumb Code    14  handlers.o(i.__scatterload_zeroinit)
    __set_errno                              0x08005139   Thumb Code     6  errno.o(i.__set_errno)
    _init_box                                0x08005145   Thumb Code    72  rt_membox.o(i._init_box)
    bsp_DelayMS                              0x080051b1   Thumb Code    38  bsp_dwt.o(i.bsp_DelayMS)
    bsp_DelayUS                              0x080051e5   Thumb Code    32  bsp_dwt.o(i.bsp_DelayUS)
    bsp_Init                                 0x08005211   Thumb Code    52  bsp.o(i.bsp_Init)
    bsp_InitDWT                              0x08005245   Thumb Code    26  bsp_dwt.o(i.bsp_InitDWT)
    bsp_InitSPIBus                           0x08005269   Thumb Code   148  bsp_spi_hw.o(i.bsp_InitSPIBus)
    duoji                                    0x08005305   Thumb Code    44  servo.o(i.duoji)
    fabs                                     0x08005341   Thumb Code    24  fabs.o(i.fabs)
    fputc                                    0x08005359   Thumb Code    30  bsp_usart_dma.o(i.fputc)
    get_temprate                             0x0800537d   Thumb Code   100  bsp_adc.o(i.get_temprate)
    isr_mbx_send                             0x080053e9   Thumb Code    14  rt_mailbox.o(i.isr_mbx_send)
    main                                     0x080053f9   Thumb Code    62  main.o(i.main)
    nRF24L01_InitHard                        0x0800544d   Thumb Code   100  nrf2401.o(i.nRF24L01_InitHard)
    nRF24L01_RxData                          0x080054bd   Thumb Code   272  nrf2401.o(i.nRF24L01_RxData)
    os_error                                 0x08005671   Thumb Code     2  rtx_conf_cm.o(i.os_error)
    os_idle_demon                            0x08005675   Thumb Code    22  rtx_conf_cm.o(i.os_idle_demon)
    os_tick_init                             0x08005691   Thumb Code    32  rt_system.o(i.os_tick_init)
    os_tick_irqack                           0x080056b9   Thumb Code     2  rt_system.o(i.os_tick_irqack)
    os_tmr_call                              0x080056bb   Thumb Code     2  rtx_conf_cm.o(i.os_tmr_call)
    pose_read_Chassis                        0x080056bd   Thumb Code   158  bno055.o(i.pose_read_Chassis)
    pose_read_PTZ                            0x08005771   Thumb Code   158  bno055.o(i.pose_read_PTZ)
    rt_alloc_box                             0x08005821   Thumb Code    26  rt_membox.o(i.rt_alloc_box)
    rt_block                                 0x0800583d   Thumb Code    48  rt_task.o(i.rt_block)
    rt_chk_robin                             0x08005875   Thumb Code     2  rtx_conf_cm.o(i.rt_chk_robin)
    rt_dec_dly                               0x08005879   Thumb Code   184  rt_list.o(i.rt_dec_dly)
    rt_dispatch                              0x0800593d   Thumb Code    70  rt_task.o(i.rt_dispatch)
    rt_dly_wait                              0x0800598d   Thumb Code     6  rt_time.o(i.rt_dly_wait)
    rt_evt_psh                               0x08005995   Thumb Code    76  rt_event.o(i.rt_evt_psh)
    rt_free_box                              0x080059e5   Thumb Code    34  rt_membox.o(i.rt_free_box)
    rt_get_first                             0x08005a07   Thumb Code    42  rt_list.o(i.rt_get_first)
    rt_init_robin                            0x08005a31   Thumb Code     2  rtx_conf_cm.o(i.rt_init_robin)
    rt_init_stack                            0x08005a35   Thumb Code    84  hal_cm4.o(i.rt_init_stack)
    rt_itv_set                               0x08005a91   Thumb Code    16  rt_time.o(i.rt_itv_set)
    rt_itv_wait                              0x08005aa9   Thumb Code    34  rt_time.o(i.rt_itv_wait)
    rt_mbx_check                             0x08005ad5   Thumb Code     8  rt_mailbox.o(i.rt_mbx_check)
    rt_mbx_init                              0x08005add   Thumb Code    24  rt_mailbox.o(i.rt_mbx_init)
    rt_mbx_psh                               0x08005af5   Thumb Code   194  rt_mailbox.o(i.rt_mbx_psh)
    rt_mbx_wait                              0x08005bbd   Thumb Code   194  rt_mailbox.o(i.rt_mbx_wait)
    rt_pop_req                               0x08005c85   Thumb Code   116  rt_system.o(i.rt_pop_req)
    rt_psh_req                               0x08005d05   Thumb Code    24  rt_system.o(i.rt_psh_req)
    rt_psq_enq                               0x08005d25   Thumb Code    88  rt_list.o(i.rt_psq_enq)
    rt_put_dly                               0x08005d81   Thumb Code    98  rt_list.o(i.rt_put_dly)
    rt_put_prio                              0x08005de9   Thumb Code    66  rt_list.o(i.rt_put_prio)
    rt_put_rdy_first                         0x08005e2d   Thumb Code    14  rt_list.o(i.rt_put_rdy_first)
    rt_rmv_dly                               0x08005e41   Thumb Code    44  rt_list.o(i.rt_rmv_dly)
    rt_sem_psh                               0x08005e6d   Thumb Code    46  rt_semaphore.o(i.rt_sem_psh)
    rt_stk_check                             0x08005ea1   Thumb Code    28  rt_system.o(i.rt_stk_check)
    rt_switch_req                            0x08005ec5   Thumb Code    10  rt_task.o(i.rt_switch_req)
    rt_sys_init                              0x08005ed5   Thumb Code   356  rt_task.o(i.rt_sys_init)
    rt_systick                               0x08006089   Thumb Code    50  rt_system.o(i.rt_systick)
    rt_tmr_tick                              0x080060c9   Thumb Code    60  rt_timer.o(i.rt_tmr_tick)
    rt_tsk_create                            0x0800610d   Thumb Code   214  rt_task.o(i.rt_tsk_create)
    sqrt                                     0x080061f9   Thumb Code   110  sqrt.o(i.sqrt)
    temperature_ADC_init                     0x08006269   Thumb Code   126  bsp_adc.o(i.temperature_ADC_init)
    os_maxtaskrun                            0x080062f0   Data           2  rtx_conf_cm.o(.constdata)
    os_stackinfo                             0x080062f4   Data           4  rtx_conf_cm.o(.constdata)
    os_trv                                   0x080062f8   Data           4  rtx_conf_cm.o(.constdata)
    os_flags                                 0x080062fc   Data           1  rtx_conf_cm.o(.constdata)
    os_clockrate                             0x08006300   Data           4  rtx_conf_cm.o(.constdata)
    os_timernum                              0x08006304   Data           4  rtx_conf_cm.o(.constdata)
    mp_tcb_size                              0x08006308   Data           2  rtx_conf_cm.o(.constdata)
    mp_stk_size                              0x0800630c   Data           4  rtx_conf_cm.o(.constdata)
    os_fifo_size                             0x08006310   Data           1  rtx_conf_cm.o(.constdata)
    mp_tmr_size                              0x08006312   Data           2  rtx_conf_cm.o(.constdata)
    RL_RTX_Version                           0x08006314   Data           4  rt_system.o(.constdata)
    __ctype_categories                       0x08006488   Data          64  ctype_c.o(.constdata)
    Region$$Table$$Base                      0x080064c8   Number         0  anon$$obj.o(Region$$Table)
    Region$$Table$$Limit                     0x080064e8   Number         0  anon$$obj.o(Region$$Table)
    buttons                                  0x20000000   Data           1  main.o(.data)
    OSStatRdy                                0x20000001   Data           1  main.o(.data)
    HandleTaskStat                           0x20000004   Data           4  main.o(.data)
    NFR_X                                    0x20000008   Data           4  main.o(.data)
    NFR_Y                                    0x2000000c   Data           4  main.o(.data)
    OSIdleCtr                                0x20000010   Data           4  main.o(.data)
    OSCPUUsage                               0x20000014   Data           4  main.o(.data)
    OSIdleCtrMax                             0x20000018   Data           4  main.o(.data)
    OSIdleCtrRun                             0x2000001c   Data           4  main.o(.data)
    m_tmr                                    0x20000020   Data           4  rtx_conf_cm.o(.data)
    GY955_cishu                              0x20000024   Data           1  task_usart.o(.data)
    HandleTaskChassisMsg                     0x20000028   Data           4  task_usart.o(.data)
    HandleTaskPTZMsg                         0x2000002c   Data           4  task_usart.o(.data)
    HandleTaskCTRLMotor                      0x20000030   Data           4  task_control.o(.data)
    HandleTaskCTRLSerov                      0x20000034   Data           4  task_control.o(.data)
    ADC_DianCi                               0x20000038   Data           8  task_control.o(.data)
    DuoJi_BiaoZhi                            0x20000040   Data           1  control.o(.data)
    FTM_Get_1                                0x20000044   Data           4  control.o(.data)
    FTM_Get_2                                0x20000048   Data           4  control.o(.data)
    FTM_Get_3                                0x2000004c   Data           4  control.o(.data)
    FTM_Speed_1                              0x20000050   Data           4  control.o(.data)
    FTM_Speed_2                              0x20000054   Data           4  control.o(.data)
    FTM_Speed_3                              0x20000058   Data           4  control.o(.data)
    V1_speed                                 0x2000005c   Data           4  control.o(.data)
    V2_speed                                 0x20000060   Data           4  control.o(.data)
    V3_speed                                 0x20000064   Data           4  control.o(.data)
    duoji_jiaodu_x                           0x20000068   Data           4  control.o(.data)
    duoji_jiaodu_y                           0x2000006c   Data           4  control.o(.data)
    GY955_last                               0x20000070   Data           4  control.o(.data)
    GY955_new                                0x20000074   Data           4  control.o(.data)
    X_jiaodu                                 0x20000078   Data           4  control.o(.data)
    You_X                                    0x2000007c   Data           4  control.o(.data)
    You_Y                                    0x20000080   Data           4  control.o(.data)
    test_x                                   0x2000008c   Data           4  control.o(.data)
    test_y                                   0x20000090   Data           4  control.o(.data)
    Vx                                       0x20000094   Data           4  control.o(.data)
    Vy                                       0x20000098   Data           4  control.o(.data)
    V_X                                      0x200000a0   Data           8  control.o(.data)
    V_Y                                      0x200000a8   Data           8  control.o(.data)
    V                                        0x200000b0   Data           8  control.o(.data)
    TX_ADDRESS                               0x200000ba   Data           5  nrf2401.o(.data)
    RX_ADDRESS                               0x200000bf   Data           5  nrf2401.o(.data)
    PS2_key                                  0x200000c4   Data           1  ps2.o(.data)
    Comd                                     0x200000c6   Data           2  ps2.o(.data)
    Handkey                                  0x200000c8   Data           2  ps2.o(.data)
    MASK                                     0x200000ca   Data          32  ps2.o(.data)
    SystemCoreClock                          0x200000ec   Data           4  system_stm32f4xx.o(.data)
    AHBPrescTable                            0x200000f0   Data          16  system_stm32f4xx.o(.data)
    os_tick_irqn                             0x20000114   Data           4  rt_system.o(.data)
    os_tsk                                   0x20000118   Data           8  rt_task.o(.data)
    os_time                                  0x20000120   Data           4  rt_time.o(.data)
    os_tmr                                   0x20000124   Data           8  rt_timer.o(.data)
    __stdout                                 0x2000012c   Data           4  stdout.o(.data)
    RCC_Structure                            0x20000738   Data          16  main.o(.bss)
    rece_buf                                 0x20000748   Data          32  main.o(.bss)
    mp_tcb                                   0x20000768   Data         460  rtx_conf_cm.o(.bss)
    mp_stk                                   0x20000938   Data        6160  rtx_conf_cm.o(.bss)
    os_fifo                                  0x20002148   Data         132  rtx_conf_cm.o(.bss)
    os_active_TCB                            0x200021cc   Data          32  rtx_conf_cm.o(.bss)
    mp_tmr                                   0x200021ec   Data          52  rtx_conf_cm.o(.bss)
    Chassis_Pose_Box                         0x20002a20   Data          96  task_usart.o(.bss)
    PTZ_Pose_Box                             0x20002a80   Data          96  task_usart.o(.bss)
    PID_1                                    0x200032e0   Data          60  control.o(.bss)
    PID_2                                    0x2000331c   Data          60  control.o(.bss)
    PID_3                                    0x20003358   Data          60  control.o(.bss)
    PID_gy955                                0x20003394   Data          60  control.o(.bss)
    Chassis_Pose                             0x200033d0   Data          28  bno055.o(.bss)
    PTZ_Pose                                 0x200033ec   Data          28  bno055.o(.bss)
    Data                                     0x20003408   Data           9  ps2.o(.bss)
    uart_buff                                0x20003411   Data          12  servo.o(.bss)
    g_usartRecv_1                            0x2000341e   Data         258  bsp_usart_dma.o(.bss)
    g_usartRecv_2                            0x20003520   Data         258  bsp_usart_dma.o(.bss)
    g_usartRecv_3                            0x20003622   Data         258  bsp_usart_dma.o(.bss)
    g_usartRecv_6                            0x20003724   Data         258  bsp_usart_dma.o(.bss)
    g_usartRecv_4                            0x20003826   Data         258  bsp_usart_dma.o(.bss)
    g_usartRecv_5                            0x20003928   Data         258  bsp_usart_dma.o(.bss)
    os_rdy                                   0x20003a2c   Data          24  rt_list.o(.bss)
    os_dly                                   0x20003a44   Data          24  rt_list.o(.bss)
    os_idle_TCB                              0x20003a5c   Data          56  rt_task.o(.bss)
    __initial_sp                             0x20003e98   Data           0  startup_stm32f427_437xx.o(STACK)



==============================================================================

Memory Map of the image

  Image Entry point : 0x080001ad

  Load Region LR_IROM1 (Base: 0x08000000, Size: 0x0000661c, Max: 0x00200000, ABSOLUTE, COMPRESSED[0x00006530])

    Execution Region ER_IROM1 (Exec base: 0x08000000, Load base: 0x08000000, Size: 0x000064e8, Max: 0x00200000, ABSOLUTE)

    Exec Addr    Load Addr    Size         Type   Attr      Idx    E Section Name        Object

    0x08000000   0x08000000   0x000001ac   Data   RO         1473    RESET               startup_stm32f427_437xx.o
    0x080001ac   0x080001ac   0x00000000   Code   RO         6940  * .ARM.Collect$$$$00000000  mc_w.l(entry.o)
    0x080001ac   0x080001ac   0x00000004   Code   RO         7255    .ARM.Collect$$$$00000001  mc_w.l(entry2.o)
    0x080001b0   0x080001b0   0x00000004   Code   RO         7258    .ARM.Collect$$$$00000004  mc_w.l(entry5.o)
    0x080001b4   0x080001b4   0x00000000   Code   RO         7260    .ARM.Collect$$$$00000008  mc_w.l(entry7b.o)
    0x080001b4   0x080001b4   0x00000000   Code   RO         7262    .ARM.Collect$$$$0000000A  mc_w.l(entry8b.o)
    0x080001b4   0x080001b4   0x00000008   Code   RO         7263    .ARM.Collect$$$$0000000B  mc_w.l(entry9a.o)
    0x080001bc   0x080001bc   0x00000000   Code   RO         7265    .ARM.Collect$$$$0000000D  mc_w.l(entry10a.o)
    0x080001bc   0x080001bc   0x00000000   Code   RO         7267    .ARM.Collect$$$$0000000F  mc_w.l(entry11a.o)
    0x080001bc   0x080001bc   0x00000004   Code   RO         7256    .ARM.Collect$$$$00002712  mc_w.l(entry2.o)
    0x080001c0   0x080001c0   0x0000019c   Code   RO         6846    .emb_text           hal_cm4.o
    0x0800035c   0x0800035c   0x00000024   Code   RO         1474    .text               startup_stm32f427_437xx.o
    0x08000380   0x08000380   0x00000038   Code   RO         7205    .text               mc_w.l(__0sscanf.o)
    0x080003b8   0x080003b8   0x0000014c   Code   RO         7207    .text               mc_w.l(_scanf_int.o)
    0x08000504   0x08000504   0x0000014e   Code   RO         7209    .text               mf_w.l(dadd.o)
    0x08000652   0x08000652   0x000000e4   Code   RO         7211    .text               mf_w.l(dmul.o)
    0x08000736   0x08000736   0x000000de   Code   RO         7213    .text               mf_w.l(ddiv.o)
    0x08000814   0x08000814   0x00000022   Code   RO         7215    .text               mf_w.l(dflti.o)
    0x08000836   0x08000836   0x0000003e   Code   RO         7217    .text               mf_w.l(dfixi.o)
    0x08000874   0x08000874   0x00000026   Code   RO         7219    .text               mf_w.l(f2d.o)
    0x0800089a   0x0800089a   0x00000002   PAD
    0x0800089c   0x0800089c   0x00000030   Code   RO         7221    .text               mf_w.l(cdcmple.o)
    0x080008cc   0x080008cc   0x00000038   Code   RO         7223    .text               mf_w.l(d2f.o)
    0x08000904   0x08000904   0x0000001e   Code   RO         7274    .text               mc_w.l(llshl.o)
    0x08000922   0x08000922   0x00000020   Code   RO         7276    .text               mc_w.l(llushr.o)
    0x08000942   0x08000942   0x00000024   Code   RO         7278    .text               mc_w.l(llsshr.o)
    0x08000966   0x08000966   0x0000001c   Code   RO         7287    .text               mc_w.l(_chval.o)
    0x08000982   0x08000982   0x00000002   PAD
    0x08000984   0x08000984   0x00000028   Code   RO         7289    .text               mc_w.l(scanf_char.o)
    0x080009ac   0x080009ac   0x00000040   Code   RO         7291    .text               mc_w.l(_sgetc.o)
    0x080009ec   0x080009ec   0x00000000   Code   RO         7293    .text               mc_w.l(iusefp.o)
    0x080009ec   0x080009ec   0x0000006e   Code   RO         7294    .text               mf_w.l(fepilogue.o)
    0x08000a5a   0x08000a5a   0x000000ba   Code   RO         7296    .text               mf_w.l(depilogue.o)
    0x08000b14   0x08000b14   0x000000a2   Code   RO         7300    .text               mf_w.l(dsqrt.o)
    0x08000bb6   0x08000bb6   0x00000002   PAD
    0x08000bb8   0x08000bb8   0x00000024   Code   RO         7314    .text               mc_w.l(init.o)
    0x08000bdc   0x08000bdc   0x0000000a   Code   RO         7316    .text               mc_w.l(isspace_c.o)
    0x08000be6   0x08000be6   0x00000002   PAD
    0x08000be8   0x08000be8   0x0000032c   Code   RO         7318    .text               mc_w.l(_scanf.o)
    0x08000f14   0x08000f14   0x0000001a   Code   RO         7320    .text               mf_w.l(dfltui.o)
    0x08000f2e   0x08000f2e   0x00000002   PAD
    0x08000f30   0x08000f30   0x00000028   Code   RO         7322    .text               mc_w.l(ctype_c.o)
    0x08000f58   0x08000f58   0x00000056   Code   RO         7333    .text               mc_w.l(__dczerorl2.o)
    0x08000fae   0x08000fae   0x00000002   PAD
    0x08000fb0   0x08000fb0   0x00000004   Code   RO         6887    SVC_TABLE           svc_table.o
    0x08000fb4   0x08000fb4   0x00000006   Code   RO         1533    i.ADC_ClearFlag     stm32f4xx_adc.o
    0x08000fba   0x08000fba   0x00000012   Code   RO         1535    i.ADC_Cmd           stm32f4xx_adc.o
    0x08000fcc   0x08000fcc   0x0000002c   Code   RO         1536    i.ADC_CommonInit    stm32f4xx_adc.o
    0x08000ff8   0x08000ff8   0x00000006   Code   RO         1547    i.ADC_GetConversionValue  stm32f4xx_adc.o
    0x08000ffe   0x08000ffe   0x0000000e   Code   RO         1548    i.ADC_GetFlagStatus  stm32f4xx_adc.o
    0x0800100c   0x0800100c   0x00000054   Code   RO         1555    i.ADC_Init          stm32f4xx_adc.o
    0x08001060   0x08001060   0x00000092   Code   RO         1560    i.ADC_RegularChannelConfig  stm32f4xx_adc.o
    0x080010f2   0x080010f2   0x0000000a   Code   RO         1562    i.ADC_SoftwareStartConv  stm32f4xx_adc.o
    0x080010fc   0x080010fc   0x0000001c   Code   RO         1565    i.ADC_TempSensorVrefintCmd  stm32f4xx_adc.o
    0x08001118   0x08001118   0x00000078   Code   RO          939    i.Angle_Mode        servo.o
    0x08001190   0x08001190   0x0000011c   Code   RO            4    i.AppTaskStart      main.o
    0x080012ac   0x080012ac   0x0000007c   Code   RO            5    i.AppTaskStatistic  main.o
    0x08001328   0x08001328   0x00000160   Code   RO         1279    i.BSP_TIM1_PWM      bsp_tim_pwm.o
    0x08001488   0x08001488   0x00000020   Code   RO          661    i.Bno055_write      bno055.o
    0x080014a8   0x080014a8   0x00000002   Code   RO          982    i.BusFault_Handler  stm32f4xx_it.o
    0x080014aa   0x080014aa   0x00000006   PAD
    0x080014b0   0x080014b0   0x00000260   Code   RO          531    i.Car_Speed         control.o
    0x08001710   0x08001710   0x00000048   Code   RO          389    i.ControlTaskCreate  task_control.o
    0x08001758   0x08001758   0x0000002c   Code   RO         2549    i.DMA_ClearFlag     stm32f4xx_dma.o
    0x08001784   0x08001784   0x00000012   Code   RO         2551    i.DMA_Cmd           stm32f4xx_dma.o
    0x08001796   0x08001796   0x00000002   PAD
    0x08001798   0x08001798   0x00000184   Code   RO         2552    i.DMA_DeInit        stm32f4xx_dma.o
    0x0800191c   0x0800191c   0x00000010   Code   RO         2556    i.DMA_GetCmdStatus  stm32f4xx_dma.o
    0x0800192c   0x0800192c   0x00000006   Code   RO         2557    i.DMA_GetCurrDataCounter  stm32f4xx_dma.o
    0x08001932   0x08001932   0x00000040   Code   RO         2562    i.DMA_ITConfig      stm32f4xx_dma.o
    0x08001972   0x08001972   0x00000002   PAD
    0x08001974   0x08001974   0x00000078   Code   RO         2563    i.DMA_Init          stm32f4xx_dma.o
    0x080019ec   0x080019ec   0x00000004   Code   RO         2566    i.DMA_SetCurrDataCounter  stm32f4xx_dma.o
    0x080019f0   0x080019f0   0x00000002   Code   RO          983    i.DebugMon_Handler  stm32f4xx_it.o
    0x080019f2   0x080019f2   0x00000002   PAD
    0x080019f4   0x080019f4   0x00000064   Code   RO          533    i.DianJi_Speed      control.o
    0x08001a58   0x08001a58   0x00000040   Code   RO         1192    i.GPIO_Config       bsp_gpio.o
    0x08001a98   0x08001a98   0x0000009a   Code   RO         3213    i.GPIO_Init         stm32f4xx_gpio.o
    0x08001b32   0x08001b32   0x00000022   Code   RO         3214    i.GPIO_PinAFConfig  stm32f4xx_gpio.o
    0x08001b54   0x08001b54   0x00000004   Code   RO         3220    i.GPIO_ResetBits    stm32f4xx_gpio.o
    0x08001b58   0x08001b58   0x00000024   Code   RO          535    i.GY955_CTRL        control.o
    0x08001b7c   0x08001b7c   0x0000004c   Code   RO          984    i.HardFault_Handler  stm32f4xx_it.o
    0x08001bc8   0x08001bc8   0x00000090   Code   RO          704    i.IO_InitHard       led.o
    0x08001c58   0x08001c58   0x00000058   Code   RO          705    i.KEY_Scan          led.o
    0x08001cb0   0x08001cb0   0x00000002   Code   RO          985    i.MemManage_Handler  stm32f4xx_it.o
    0x08001cb2   0x08001cb2   0x00000002   Code   RO          986    i.NMI_Handler       stm32f4xx_it.o
    0x08001cb4   0x08001cb4   0x0000006c   Code   RO          753    i.NRF24L01_RT_Init  nrf2401.o
    0x08001d20   0x08001d20   0x00000078   Code   RO          754    i.NRF24L01_Write_Reg  nrf2401.o
    0x08001d98   0x08001d98   0x00000070   Code   RO         1481    i.NVIC_Init         misc.o
    0x08001e08   0x08001e08   0x00000014   Code   RO         1482    i.NVIC_PriorityGroupConfig  misc.o
    0x08001e1c   0x08001e1c   0x00000004   PAD
    0x08001e20   0x08001e20   0x00000118   Code   RO          539    i.PID_GY955         control.o
    0x08001f38   0x08001f38   0x000000f0   Code   RO          540    i.PID_PWM           control.o
    0x08002028   0x08002028   0x00000048   Code   RO          541    i.PID_set           control.o
    0x08002070   0x08002070   0x0000000c   Code   RO          820    i.PS2_AnologData    ps2.o
    0x0800207c   0x0800207c   0x00000010   Code   RO          821    i.PS2_ClearData     ps2.o
    0x0800208c   0x0800208c   0x0000008c   Code   RO          822    i.PS2_Cmd           ps2.o
    0x08002118   0x08002118   0x00000040   Code   RO          823    i.PS2_DataKey       ps2.o
    0x08002158   0x08002158   0x00000274   Code   RO          542    i.PS2_FangXiang     control.o
    0x080023cc   0x080023cc   0x00000054   Code   RO          826    i.PS2_Init          ps2.o
    0x08002420   0x08002420   0x000000c8   Code   RO          827    i.PS2_ReadData      ps2.o
    0x080024e8   0x080024e8   0x0000019c   Code   RO          829    i.PS2_SetInit       ps2.o
    0x08002684   0x08002684   0x00000004   PAD
    0x08002688   0x08002688   0x00000124   Code   RO          543    i.PS2_YaoGan_DianJi  control.o
    0x080027ac   0x080027ac   0x00000004   PAD
    0x080027b0   0x080027b0   0x00000124   Code   RO          544    i.PS2_YaoGan_DuoJi  control.o
    0x080028d4   0x080028d4   0x00000018   Code   RO         4151    i.RCC_AHB1PeriphClockCmd  stm32f4xx_rcc.o
    0x080028ec   0x080028ec   0x00000018   Code   RO         4160    i.RCC_APB1PeriphClockCmd  stm32f4xx_rcc.o
    0x08002904   0x08002904   0x00000018   Code   RO         4162    i.RCC_APB1PeriphResetCmd  stm32f4xx_rcc.o
    0x0800291c   0x0800291c   0x00000018   Code   RO         4163    i.RCC_APB2PeriphClockCmd  stm32f4xx_rcc.o
    0x08002934   0x08002934   0x00000018   Code   RO         4165    i.RCC_APB2PeriphResetCmd  stm32f4xx_rcc.o
    0x0800294c   0x0800294c   0x000000ac   Code   RO         4172    i.RCC_GetClocksFreq  stm32f4xx_rcc.o
    0x080029f8   0x080029f8   0x00000012   Code   RO         5305    i.SPI_Cmd           stm32f4xx_spi.o
    0x08002a0a   0x08002a0a   0x0000000e   Code   RO         5313    i.SPI_I2S_GetFlagStatus  stm32f4xx_spi.o
    0x08002a18   0x08002a18   0x00000004   Code   RO         5316    i.SPI_I2S_ReceiveData  stm32f4xx_spi.o
    0x08002a1c   0x08002a1c   0x00000004   Code   RO         5317    i.SPI_I2S_SendData  stm32f4xx_spi.o
    0x08002a20   0x08002a20   0x00000088   Code   RO         1438    i.SystemCoreClockUpdate  system_stm32f4xx.o
    0x08002aa8   0x08002aa8   0x00000144   Code   RO         1439    i.SystemInit        system_stm32f4xx.o
    0x08002bec   0x08002bec   0x000000d4   Code   RO         1303    i.TIM2_EncoderInit  bsp_tim_encorde.o
    0x08002cc0   0x08002cc0   0x00000010   Code   RO         1304    i.TIM2_IRQHandler   bsp_tim_encorde.o
    0x08002cd0   0x08002cd0   0x000000d8   Code   RO         1305    i.TIM3_EncoderInit  bsp_tim_encorde.o
    0x08002da8   0x08002da8   0x00000014   Code   RO         1306    i.TIM3_IRQHandler   bsp_tim_encorde.o
    0x08002dbc   0x08002dbc   0x000000d8   Code   RO         1307    i.TIM4_EncoderInit  bsp_tim_encorde.o
    0x08002e94   0x08002e94   0x00000014   Code   RO         1308    i.TIM4_IRQHandler   bsp_tim_encorde.o
    0x08002ea8   0x08002ea8   0x00000012   Code   RO         5527    i.TIM_ARRPreloadConfig  stm32f4xx_tim.o
    0x08002eba   0x08002eba   0x00000006   Code   RO         5533    i.TIM_ClearFlag     stm32f4xx_tim.o
    0x08002ec0   0x08002ec0   0x00000012   Code   RO         5539    i.TIM_Cmd           stm32f4xx_tim.o
    0x08002ed2   0x08002ed2   0x00000016   Code   RO         5541    i.TIM_CtrlPWMOutputs  stm32f4xx_tim.o
    0x08002ee8   0x08002ee8   0x0000003c   Code   RO         5548    i.TIM_EncoderInterfaceConfig  stm32f4xx_tim.o
    0x08002f24   0x08002f24   0x00000126   Code   RO         5562    i.TIM_ICInit        stm32f4xx_tim.o
    0x0800304a   0x0800304a   0x00000010   Code   RO         5563    i.TIM_ICStructInit  stm32f4xx_tim.o
    0x0800305a   0x0800305a   0x00000010   Code   RO         5564    i.TIM_ITConfig      stm32f4xx_tim.o
    0x0800306a   0x0800306a   0x00000068   Code   RO         5568    i.TIM_OC1Init       stm32f4xx_tim.o
    0x080030d2   0x080030d2   0x0000000c   Code   RO         5571    i.TIM_OC1PreloadConfig  stm32f4xx_tim.o
    0x080030de   0x080030de   0x0000008a   Code   RO         5573    i.TIM_OC2Init       stm32f4xx_tim.o
    0x08003168   0x08003168   0x00000014   Code   RO         5576    i.TIM_OC2PreloadConfig  stm32f4xx_tim.o
    0x0800317c   0x0800317c   0x0000008c   Code   RO         5578    i.TIM_OC3Init       stm32f4xx_tim.o
    0x08003208   0x08003208   0x0000000c   Code   RO         5581    i.TIM_OC3PreloadConfig  stm32f4xx_tim.o
    0x08003214   0x08003214   0x00000004   Code   RO         5605    i.TIM_SetCounter    stm32f4xx_tim.o
    0x08003218   0x08003218   0x00000080   Code   RO         5611    i.TIM_TimeBaseInit  stm32f4xx_tim.o
    0x08003298   0x08003298   0x00000012   Code   RO         5612    i.TIM_TimeBaseStructInit  stm32f4xx_tim.o
    0x080032aa   0x080032aa   0x00000002   PAD
    0x080032ac   0x080032ac   0x000000c4   Code   RO          390    i.TaskCTRLMotor     task_control.o
    0x08003370   0x08003370   0x00000070   Code   RO          391    i.TaskCTRLSerov     task_control.o
    0x080033e0   0x080033e0   0x00000040   Code   RO          346    i.TaskChassisMsg    task_usart.o
    0x08003420   0x08003420   0x00000084   Code   RO          347    i.TaskPTZMsg        task_usart.o
    0x080034a4   0x080034a4   0x00000004   PAD
    0x080034a8   0x080034a8   0x00000164   Code   RO          545    i.TuChuan_XY        control.o
    0x0800360c   0x0800360c   0x0000007c   Code   RO         1046    i.UART4_IRQHandler  bsp_usart_dma.o
    0x08003688   0x08003688   0x00000078   Code   RO         1047    i.UART5_IRQHandler  bsp_usart_dma.o
    0x08003700   0x08003700   0x0000005c   Code   RO         1048    i.USART1_IRQHandler  bsp_usart_dma.o
    0x0800375c   0x0800375c   0x00000064   Code   RO         1049    i.USART2_IRQHandler  bsp_usart_dma.o
    0x080037c0   0x080037c0   0x00000064   Code   RO         1050    i.USART3_IRQHandler  bsp_usart_dma.o
    0x08003824   0x08003824   0x00000064   Code   RO         1051    i.USART6_IRQHandler  bsp_usart_dma.o
    0x08003888   0x08003888   0x00000006   Code   RO         6068    i.USART_ClearFlag   stm32f4xx_usart.o
    0x0800388e   0x0800388e   0x00000012   Code   RO         6072    i.USART_Cmd         stm32f4xx_usart.o
    0x080038a0   0x080038a0   0x000000c4   Code   RO         1052    i.USART_Config      bsp_usart_dma.o
    0x08003964   0x08003964   0x00000010   Code   RO         6073    i.USART_DMACmd      stm32f4xx_usart.o
    0x08003974   0x08003974   0x00000200   Code   RO         1053    i.USART_DMARxConfig  bsp_usart_dma.o
    0x08003b74   0x08003b74   0x000001b4   Code   RO         1054    i.USART_DMATxConfig  bsp_usart_dma.o
    0x08003d28   0x08003d28   0x00000100   Code   RO         6074    i.USART_DeInit      stm32f4xx_usart.o
    0x08003e28   0x08003e28   0x0000000e   Code   RO         6075    i.USART_GetFlagStatus  stm32f4xx_usart.o
    0x08003e36   0x08003e36   0x0000004c   Code   RO         6076    i.USART_GetITStatus  stm32f4xx_usart.o
    0x08003e82   0x08003e82   0x00000030   Code   RO         6078    i.USART_ITConfig    stm32f4xx_usart.o
    0x08003eb2   0x08003eb2   0x00000002   PAD
    0x08003eb4   0x08003eb4   0x000000b8   Code   RO         6079    i.USART_Init        stm32f4xx_usart.o
    0x08003f6c   0x08003f6c   0x00000008   Code   RO         6089    i.USART_SendData    stm32f4xx_usart.o
    0x08003f74   0x08003f74   0x00000016   Code   RO         1055    i.USART_sendByte    bsp_usart_dma.o
    0x08003f8a   0x08003f8a   0x00000002   PAD
    0x08003f8c   0x08003f8c   0x00000090   Code   RO         1056    i.Uart4_DriverInit  bsp_usart_dma.o
    0x0800401c   0x0800401c   0x000000b8   Code   RO         1057    i.Uart5_DriverInit  bsp_usart_dma.o
    0x080040d4   0x080040d4   0x00000004   PAD
    0x080040d8   0x080040d8   0x00000090   Code   RO          546    i.Update_Speed      control.o
    0x08004168   0x08004168   0x00000002   Code   RO          987    i.UsageFault_Handler  stm32f4xx_it.o
    0x0800416a   0x0800416a   0x00000002   PAD
    0x0800416c   0x0800416c   0x000000a0   Code   RO         1060    i.Usart1_DriverInit  bsp_usart_dma.o
    0x0800420c   0x0800420c   0x000000a0   Code   RO         1062    i.Usart3_DriverInit  bsp_usart_dma.o
    0x080042ac   0x080042ac   0x00000098   Code   RO          348    i.UsartTaskCreate   task_usart.o
    0x08004344   0x08004344   0x00000010   Code   RO         6946    i.__0printf$bare    mc_w.l(printfb.o)
    0x08004354   0x08004354   0x00000030   Code   RO         7312    i.__ARM_fpclassify  m_wm.l(fpclassify.o)
    0x08004384   0x08004384   0x00000004   PAD
    0x08004388   0x08004388   0x00000358   Code   RO         6890    i.__hardfp_acos     m_wm.l(acos.o)
    0x080046e0   0x080046e0   0x000000c8   Code   RO         6904    i.__hardfp_cos      m_wm.l(cos.o)
    0x080047a8   0x080047a8   0x000000c8   Code   RO         6916    i.__hardfp_sin      m_wm.l(sin.o)
    0x08004870   0x08004870   0x0000007a   Code   RO         6928    i.__hardfp_sqrt     m_wm.l(sqrt.o)
    0x080048ea   0x080048ea   0x00000006   PAD
    0x080048f0   0x080048f0   0x00000438   Code   RO         7244    i.__ieee754_rem_pio2  m_wm.l(rred.o)
    0x08004d28   0x08004d28   0x00000170   Code   RO         7225    i.__kernel_cos      m_wm.l(cos_i.o)
    0x08004e98   0x08004e98   0x000000f8   Code   RO         7242    i.__kernel_poly     m_wm.l(poly.o)
    0x08004f90   0x08004f90   0x00000130   Code   RO         7249    i.__kernel_sin      m_wm.l(sin_i.o)
    0x080050c0   0x080050c0   0x00000014   Code   RO         7229    i.__mathlib_dbl_infnan  m_wm.l(dunder.o)
    0x080050d4   0x080050d4   0x00000004   PAD
    0x080050d8   0x080050d8   0x00000020   Code   RO         7231    i.__mathlib_dbl_invalid  m_wm.l(dunder.o)
    0x080050f8   0x080050f8   0x00000020   Code   RO         7234    i.__mathlib_dbl_underflow  m_wm.l(dunder.o)
    0x08005118   0x08005118   0x0000000e   Code   RO         7327    i.__scatterload_copy  mc_w.l(handlers.o)
    0x08005126   0x08005126   0x00000002   Code   RO         7328    i.__scatterload_null  mc_w.l(handlers.o)
    0x08005128   0x08005128   0x0000000e   Code   RO         7329    i.__scatterload_zeroinit  mc_w.l(handlers.o)
    0x08005136   0x08005136   0x00000002   PAD
    0x08005138   0x08005138   0x0000000c   Code   RO         7282    i.__set_errno       mc_w.l(errno.o)
    0x08005144   0x08005144   0x00000048   Code   RO         6517    i._init_box         rt_membox.o
    0x0800518c   0x0800518c   0x00000022   Code   RO         6953    i._printf_core      mc_w.l(printfb.o)
    0x080051ae   0x080051ae   0x00000002   PAD
    0x080051b0   0x080051b0   0x00000034   Code   RO         1240    i.bsp_DelayMS       bsp_dwt.o
    0x080051e4   0x080051e4   0x0000002c   Code   RO         1241    i.bsp_DelayUS       bsp_dwt.o
    0x08005210   0x08005210   0x00000034   Code   RO         1216    i.bsp_Init          bsp.o
    0x08005244   0x08005244   0x00000024   Code   RO         1242    i.bsp_InitDWT       bsp_dwt.o
    0x08005268   0x08005268   0x0000009c   Code   RO         1357    i.bsp_InitSPIBus    bsp_spi_hw.o
    0x08005304   0x08005304   0x0000003c   Code   RO          941    i.duoji             servo.o
    0x08005340   0x08005340   0x00000018   Code   RO         7308    i.fabs              m_wm.l(fabs.o)
    0x08005358   0x08005358   0x00000024   Code   RO         1064    i.fputc             bsp_usart_dma.o
    0x0800537c   0x0800537c   0x0000006c   Code   RO         1408    i.get_temprate      bsp_adc.o
    0x080053e8   0x080053e8   0x0000000e   Code   RO         6465    i.isr_mbx_send      rt_mailbox.o
    0x080053f6   0x080053f6   0x00000002   PAD
    0x080053f8   0x080053f8   0x00000054   Code   RO            7    i.main              main.o
    0x0800544c   0x0800544c   0x00000070   Code   RO          757    i.nRF24L01_InitHard  nrf2401.o
    0x080054bc   0x080054bc   0x00000120   Code   RO          758    i.nRF24L01_RxData   nrf2401.o
    0x080055dc   0x080055dc   0x00000094   Code   RO          760    i.nRF24L01_WriteBuf  nrf2401.o
    0x08005670   0x08005670   0x00000002   Code   RO          256    i.os_error          rtx_conf_cm.o
    0x08005672   0x08005672   0x00000002   PAD
    0x08005674   0x08005674   0x0000001c   Code   RO          257    i.os_idle_demon     rtx_conf_cm.o
    0x08005690   0x08005690   0x00000028   Code   RO         6631    i.os_tick_init      rt_system.o
    0x080056b8   0x080056b8   0x00000002   Code   RO         6632    i.os_tick_irqack    rt_system.o
    0x080056ba   0x080056ba   0x00000002   Code   RO          258    i.os_tmr_call       rtx_conf_cm.o
    0x080056bc   0x080056bc   0x000000b4   Code   RO          662    i.pose_read_Chassis  bno055.o
    0x08005770   0x08005770   0x000000b0   Code   RO          663    i.pose_read_PTZ     bno055.o
    0x08005820   0x08005820   0x0000001a   Code   RO         6518    i.rt_alloc_box      rt_membox.o
    0x0800583a   0x0800583a   0x00000002   PAD
    0x0800583c   0x0800583c   0x00000038   Code   RO         6714    i.rt_block          rt_task.o
    0x08005874   0x08005874   0x00000002   Code   RO          259    i.rt_chk_robin      rtx_conf_cm.o
    0x08005876   0x08005876   0x00000002   PAD
    0x08005878   0x08005878   0x000000c4   Code   RO         6384    i.rt_dec_dly        rt_list.o
    0x0800593c   0x0800593c   0x00000050   Code   RO         6715    i.rt_dispatch       rt_task.o
    0x0800598c   0x0800598c   0x00000006   Code   RO         6786    i.rt_dly_wait       rt_time.o
    0x08005992   0x08005992   0x00000002   PAD
    0x08005994   0x08005994   0x00000050   Code   RO         6326    i.rt_evt_psh        rt_event.o
    0x080059e4   0x080059e4   0x00000022   Code   RO         6519    i.rt_free_box       rt_membox.o
    0x08005a06   0x08005a06   0x0000002a   Code   RO         6385    i.rt_get_first      rt_list.o
    0x08005a30   0x08005a30   0x00000002   Code   RO          260    i.rt_init_robin     rtx_conf_cm.o
    0x08005a32   0x08005a32   0x00000002   PAD
    0x08005a34   0x08005a34   0x0000005c   Code   RO         6850    i.rt_init_stack     hal_cm4.o
    0x08005a90   0x08005a90   0x00000018   Code   RO         6787    i.rt_itv_set        rt_time.o
    0x08005aa8   0x08005aa8   0x0000002c   Code   RO         6788    i.rt_itv_wait       rt_time.o
    0x08005ad4   0x08005ad4   0x00000008   Code   RO         6466    i.rt_mbx_check      rt_mailbox.o
    0x08005adc   0x08005adc   0x00000018   Code   RO         6467    i.rt_mbx_init       rt_mailbox.o
    0x08005af4   0x08005af4   0x000000c8   Code   RO         6468    i.rt_mbx_psh        rt_mailbox.o
    0x08005bbc   0x08005bbc   0x000000c8   Code   RO         6470    i.rt_mbx_wait       rt_mailbox.o
    0x08005c84   0x08005c84   0x00000080   Code   RO         6633    i.rt_pop_req        rt_system.o
    0x08005d04   0x08005d04   0x00000020   Code   RO         6634    i.rt_psh_req        rt_system.o
    0x08005d24   0x08005d24   0x0000005c   Code   RO         6387    i.rt_psq_enq        rt_list.o
    0x08005d80   0x08005d80   0x00000068   Code   RO         6388    i.rt_put_dly        rt_list.o
    0x08005de8   0x08005de8   0x00000042   Code   RO         6389    i.rt_put_prio       rt_list.o
    0x08005e2a   0x08005e2a   0x00000002   PAD
    0x08005e2c   0x08005e2c   0x00000014   Code   RO         6390    i.rt_put_rdy_first  rt_list.o
    0x08005e40   0x08005e40   0x0000002c   Code   RO         6392    i.rt_rmv_dly        rt_list.o
    0x08005e6c   0x08005e6c   0x00000034   Code   RO         6596    i.rt_sem_psh        rt_semaphore.o
    0x08005ea0   0x08005ea0   0x00000024   Code   RO         6636    i.rt_stk_check      rt_system.o
    0x08005ec4   0x08005ec4   0x00000010   Code   RO         6716    i.rt_switch_req     rt_task.o
    0x08005ed4   0x08005ed4   0x000001b4   Code   RO         6717    i.rt_sys_init       rt_task.o
    0x08006088   0x08006088   0x00000040   Code   RO         6638    i.rt_systick        rt_system.o
    0x080060c8   0x080060c8   0x00000044   Code   RO         6821    i.rt_tmr_tick       rt_timer.o
    0x0800610c   0x0800610c   0x000000ec   Code   RO         6718    i.rt_tsk_create     rt_task.o
    0x080061f8   0x080061f8   0x0000006e   Code   RO         6930    i.sqrt              m_wm.l(sqrt.o)
    0x08006266   0x08006266   0x00000002   PAD
    0x08006268   0x08006268   0x00000088   Code   RO         1409    i.temperature_ADC_init  bsp_adc.o
    0x080062f0   0x080062f0   0x00000002   Data   RO          266    .constdata          rtx_conf_cm.o
    0x080062f2   0x080062f2   0x00000002   PAD
    0x080062f4   0x080062f4   0x00000004   Data   RO          267    .constdata          rtx_conf_cm.o
    0x080062f8   0x080062f8   0x00000004   Data   RO          269    .constdata          rtx_conf_cm.o
    0x080062fc   0x080062fc   0x00000001   Data   RO          270    .constdata          rtx_conf_cm.o
    0x080062fd   0x080062fd   0x00000003   PAD
    0x08006300   0x08006300   0x00000008   Data   RO          271    .constdata          rtx_conf_cm.o
    0x08006308   0x08006308   0x00000002   Data   RO          272    .constdata          rtx_conf_cm.o
    0x0800630a   0x0800630a   0x00000002   PAD
    0x0800630c   0x0800630c   0x00000004   Data   RO          273    .constdata          rtx_conf_cm.o
    0x08006310   0x08006310   0x00000001   Data   RO          274    .constdata          rtx_conf_cm.o
    0x08006311   0x08006311   0x00000001   PAD
    0x08006312   0x08006312   0x00000002   Data   RO          275    .constdata          rtx_conf_cm.o
    0x08006314   0x08006314   0x00000004   Data   RO         6641    .constdata          rt_system.o
    0x08006318   0x08006318   0x00000050   Data   RO         6893    .constdata          m_wm.l(acos.o)
    0x08006368   0x08006368   0x00000030   Data   RO         7226    .constdata          m_wm.l(cos_i.o)
    0x08006398   0x08006398   0x000000c8   Data   RO         7246    .constdata          m_wm.l(rred.o)
    0x08006460   0x08006460   0x00000028   Data   RO         7250    .constdata          m_wm.l(sin_i.o)
    0x08006488   0x08006488   0x00000040   Data   RO         7323    .constdata          mc_w.l(ctype_c.o)
    0x080064c8   0x080064c8   0x00000020   Data   RO         7325    Region$$Table       anon$$obj.o


    Execution Region RW_IRAM1 (Exec base: 0x20000000, Load base: 0x080064e8, Size: 0x00003e98, Max: 0x00030000, ABSOLUTE, COMPRESSED[0x00000048])

    Exec Addr    Load Addr    Size         Type   Attr      Idx    E Section Name        Object

    0x20000000   COMPRESSED   0x00000020   Data   RW            9    .data               main.o
    0x20000020   COMPRESSED   0x00000004   Data   RW          276    .data               rtx_conf_cm.o
    0x20000024   COMPRESSED   0x0000000c   Data   RW          350    .data               task_usart.o
    0x20000030   COMPRESSED   0x00000010   Data   RW          393    .data               task_control.o
    0x20000040   COMPRESSED   0x00000078   Data   RW          551    .data               control.o
    0x200000b8   COMPRESSED   0x00000002   Data   RW          706    .data               led.o
    0x200000ba   COMPRESSED   0x0000000a   Data   RW          761    .data               nrf2401.o
    0x200000c4   COMPRESSED   0x00000001   Data   RW          835    .data               ps2.o
    0x200000c5   COMPRESSED   0x00000001   PAD
    0x200000c6   COMPRESSED   0x00000024   Data   RW          836    .data               ps2.o
    0x200000ea   COMPRESSED   0x00000002   PAD
    0x200000ec   COMPRESSED   0x00000014   Data   RW         1440    .data               system_stm32f4xx.o
    0x20000100   COMPRESSED   0x00000010   Data   RW         4204    .data               stm32f4xx_rcc.o
    0x20000110   COMPRESSED   0x00000008   Data   RW         6642    .data               rt_system.o
    0x20000118   COMPRESSED   0x00000008   Data   RW         6724    .data               rt_task.o
    0x20000120   COMPRESSED   0x00000004   Data   RW         6790    .data               rt_time.o
    0x20000124   COMPRESSED   0x00000008   Data   RW         6822    .data               rt_timer.o
    0x2000012c   COMPRESSED   0x00000004   Data   RW         7269    .data               mc_w.l(stdout.o)
    0x20000130   COMPRESSED   0x00000004   Data   RW         7283    .data               mc_w.l(errno.o)
    0x20000134   COMPRESSED   0x00000004   PAD
    0x20000138        -       0x00000630   Zero   RW            8    .bss                main.o
    0x20000768        -       0x000001cc   Zero   RW          261    .bss                rtx_conf_cm.o
    0x20000934   COMPRESSED   0x00000004   PAD
    0x20000938        -       0x00001810   Zero   RW          262    .bss                rtx_conf_cm.o
    0x20002148        -       0x00000084   Zero   RW          263    .bss                rtx_conf_cm.o
    0x200021cc        -       0x00000020   Zero   RW          264    .bss                rtx_conf_cm.o
    0x200021ec        -       0x00000034   Zero   RW          265    .bss                rtx_conf_cm.o
    0x20002220        -       0x000008c0   Zero   RW          349    .bss                task_usart.o
    0x20002ae0        -       0x00000800   Zero   RW          392    .bss                task_control.o
    0x200032e0        -       0x000000f0   Zero   RW          550    .bss                control.o
    0x200033d0        -       0x0000001c   Zero   RW          664    .bss                bno055.o
    0x200033ec        -       0x0000001c   Zero   RW          665    .bss                bno055.o
    0x20003408        -       0x00000009   Zero   RW          834    .bss                ps2.o
    0x20003411        -       0x0000000c   Zero   RW          943    .bss                servo.o
    0x2000341d   COMPRESSED   0x00000001   PAD
    0x2000341e        -       0x0000060c   Zero   RW         1065    .bss                bsp_usart_dma.o
    0x20003a2a   COMPRESSED   0x00000002   PAD
    0x20003a2c        -       0x00000030   Zero   RW         6394    .bss                rt_list.o
    0x20003a5c        -       0x00000038   Zero   RW         6723    .bss                rt_task.o
    0x20003a94   COMPRESSED   0x00000004   PAD
    0x20003a98        -       0x00000400   Zero   RW         1471    STACK               startup_stm32f427_437xx.o


==============================================================================

Image component sizes


      Code (inc. data)   RO Data    RW Data    ZI Data      Debug   Object Name

       388         40          0          0         56       3539   bno055.o
        52          0          0          0          0        523   bsp.o
       244         18          0          0          0       1786   bsp_adc.o
       132         36          0          0          0       2266   bsp_dwt.o
        64          0          0          0          0       1106   bsp_gpio.o
       156          8          0          0          0       1408   bsp_spi_hw.o
       700         38          0          0          0       3847   bsp_tim_encorde.o
       352         16          0          0          0       1027   bsp_tim_pwm.o
      2486        322          0          0       1548      12583   bsp_usart_dma.o
      3048        340          0        120        240      11040   control.o
       504         36          0          0          0       1496   hal_cm4.o
       232         22          0          2          0       1229   led.o
       492        106          0         32       1584     339953   main.o
       132         12          0          0          0       1815   misc.o
       776         68          0         10          0       5983   nrf2401.o
       928         58          0         37          9       5466   ps2.o
        80          4          0          0          0       2637   rt_event.o
       564         28          0          0         48       8674   rt_list.o
       446         12          0          0          0       3707   rt_mailbox.o
       132          0          0          0          0       2057   rt_membox.o
        52          6          0          0          0        645   rt_semaphore.o
       302         50          4          8          0       4686   rt_system.o
       824        126          0          8         56       5602   rt_task.o
        74         18          0          4          0       1767   rt_time.o
        68          8          0          8          0        815   rt_timer.o
        36          6         28          4       6836      12698   rtx_conf_cm.o
       180         26          0          0         12       2403   servo.o
        36          8        428          0       1024        960   startup_stm32f427_437xx.o
       356         16          0          0          0       7545   stm32f4xx_adc.o
       660        110          0          0          0       7694   stm32f4xx_dma.o
       192          0          0          0          0       2668   stm32f4xx_gpio.o
        86         48          0          0          0       3017   stm32f4xx_it.o
       292         52          0         16          0       6729   stm32f4xx_rcc.o
        40          0          0          0          0       3307   stm32f4xx_spi.o
      1026          8          0          0          0      15069   stm32f4xx_tim.o
       626          4          0          0          0       7873   stm32f4xx_usart.o
         4          4          0          0          0        228   svc_table.o
       460         62          0         20          0       2613   system_stm32f4xx.o
       380         98          0         16       2048       2401   task_control.o
       348        100          0         12       2240       2522   task_usart.o

    ----------------------------------------------------------------------
     18004       1934        500        300      15712     503384   Object Totals
         0          0         32          0          0          0   (incl. Generated)
        54         20          8          3         11          0   (incl. Padding)

    ----------------------------------------------------------------------

      Code (inc. data)   RO Data    RW Data    ZI Data      Debug   Library Member Name

       856        118         80          0          0        288   acos.o
       200         20          0          0          0        164   cos.o
       368         46         48          0          0        200   cos_i.o
        84         16          0          0          0        372   dunder.o
        24          0          0          0          0        124   fabs.o
        48          0          0          0          0        124   fpclassify.o
       248          0          0          0          0        152   poly.o
      1080        142        200          0          0        188   rred.o
       200         20          0          0          0        164   sin.o
       304         24         40          0          0        208   sin_i.o
       232          0          0          0          0        296   sqrt.o
        56          8          0          0          0         84   __0sscanf.o
        86          0          0          0          0          0   __dczerorl2.o
        28          0          0          0          0         68   _chval.o
       812          4          0          0          0        112   _scanf.o
       332          0          0          0          0         96   _scanf_int.o
        64          0          0          0          0         84   _sgetc.o
        40          6         64          0          0         68   ctype_c.o
         0          0          0          0          0          0   entry.o
         0          0          0          0          0          0   entry10a.o
         0          0          0          0          0          0   entry11a.o
         8          4          0          0          0          0   entry2.o
         4          0          0          0          0          0   entry5.o
         0          0          0          0          0          0   entry7b.o
         0          0          0          0          0          0   entry8b.o
         8          4          0          0          0          0   entry9a.o
        12          6          0          4          0         68   errno.o
        30          0          0          0          0          0   handlers.o
        36          8          0          0          0         68   init.o
        10          0          0          0          0         68   isspace_c.o
         0          0          0          0          0          0   iusefp.o
        30          0          0          0          0         68   llshl.o
        36          0          0          0          0         68   llsshr.o
        32          0          0          0          0         68   llushr.o
        50          8          0          0          0        152   printfb.o
        40          8          0          0          0         84   scanf_char.o
         0          0          0          4          0          0   stdout.o
        48          0          0          0          0         68   cdcmple.o
        56          0          0          0          0         88   d2f.o
       334          0          0          0          0        148   dadd.o
       222          0          0          0          0        100   ddiv.o
       186          0          0          0          0        176   depilogue.o
        62          0          0          0          0         80   dfixi.o
        34          0          0          0          0         76   dflti.o
        26          0          0          0          0         76   dfltui.o
       228          0          0          0          0         96   dmul.o
       162          0          0          0          0        100   dsqrt.o
        38          0          0          0          0         68   f2d.o
       110          0          0          0          0        168   fepilogue.o

    ----------------------------------------------------------------------
      6896        442        432          8          4       4680   Library Totals
        32          0          0          0          4          0   (incl. Padding)

    ----------------------------------------------------------------------

      Code (inc. data)   RO Data    RW Data    ZI Data      Debug   Library Name

      3644        386        368          0          0       2280   m_wm.l
      1714         56         64          8          0       1156   mc_w.l
      1506          0          0          0          0       1244   mf_w.l

    ----------------------------------------------------------------------
      6896        442        432          8          4       4680   Library Totals

    ----------------------------------------------------------------------

==============================================================================


      Code (inc. data)   RO Data    RW Data    ZI Data      Debug   

     24900       2376        932        308      15716     489100   Grand Totals
     24900       2376        932         72      15716     489100   ELF Image Totals (compressed)
     24900       2376        932         72          0          0   ROM Totals

==============================================================================

    Total RO  Size (Code + RO Data)                25832 (  25.23kB)
    Total RW  Size (RW Data + ZI Data)             16024 (  15.65kB)
    Total ROM Size (Code + RO Data + RW Data)      25904 (  25.30kB)

==============================================================================

