<html>
<body>
<pre>
<h1>礦ision Build Log</h1>
<h2>Tool Versions:</h2>
IDE-Version: μVision V5.28.0.0
Copyright (C) 2019 ARM Ltd and ARM Germany GmbH. All rights reserved.
License Information: zeng chuntian, china, LIC=VC912-96KQQ-SUL45-G7R21-PT15J-FQ36H
 
Tool Versions:
Toolchain:       *** Unknown Product ***  Version: 5.28.0.0
Toolchain Path:  C:\Keil_v5\ARM\ARMCC\Bin
C Compiler:      Armcc.exe V5.06 update 6 (build 750)
Assembler:       Armasm.exe V5.06 update 6 (build 750)
Linker/Locator:  ArmLink.exe V5.06 update 6 (build 750)
Library Manager: ArmAr.exe V5.06 update 6 (build 750)
Hex Converter:   FromElf.exe V5.06 update 6 (build 750)
CPU DLL:         SARMCM3.DLL V5.28.0.0
Dialog DLL:      DCM.DLL V1.17.3.0
Target DLL:      Segger\JL2CM3.dll V2.99.36.0
Dialog DLL:      TCM.DLL V1.36.2.0
 
<h2>Project:</h2>
C:\Users\flyaudio6\Desktop\STM32F427(V1012)\Project\MDK-ARM(AC5)\benhuan.uvprojx
Project File Date:  10/06/2019

<h2>Output:</h2>
*** Using Compiler 'V5.06 update 6 (build 750)', folder: 'C:\Keil_v5\ARM\ARMCC\Bin'
Rebuild target 'BENHUAN'
compiling PID.c...
compiling main.c...
compiling RTX_Conf_CM.c...
compiling DataScope_DP.C...
compiling Task_Control.c...
compiling Task_Usart.c...
..\..\Task\Task_Usart.c(44): warning:  #177-D: variable "xResult"  was declared but never referenced
  	OS_RESULT xResult;
..\..\Task\Task_Usart.c(74): warning:  #177-D: variable "xResult"  was declared but never referenced
  	OS_RESULT xResult;
..\..\Task\Task_Usart.c(10): warning:  #177-D: function "AppObjCreate"  was declared but never referenced
  static void AppObjCreate (void);
..\..\Task\Task_Usart.c: 3 warnings, 0 errors
compiling Control.c...
compiling stm32f4xx_it.c...
compiling LED.c...
compiling MOTOR.c...
compiling BNO055.c...
compiling Servo.c...
..\..\Drivers\Servo.c(9): warning:  #47-D: incompatible redefinition of macro "CRC"  (declared at line 2121 of "..\..\User\stm32f4xx.h")
  #define CRC           uart_buff[uart_buff[3]+4]    //uart_buff[Header+內容長度]
..\..\Drivers\Servo.c: 1 warning, 0 errors
compiling PS2.c...
compiling NRF2401.c...
..\..\Drivers\NRF2401.c(82): warning:  #177-D: variable "EXTI_InitStructure"  was declared but never referenced
  	EXTI_InitTypeDef EXTI_InitStructure;
..\..\Drivers\NRF2401.c(83): warning:  #177-D: variable "NVIC_InitStructure"  was declared but never referenced
  	NVIC_InitTypeDef NVIC_InitStructure;
..\..\Drivers\NRF2401.c(361): warning:  #177-D: variable "ulCount"  was declared but never referenced
  	uint32_t ulCount = 0;   
..\..\Drivers\NRF2401.c(414): warning:  #177-D: variable "ulCount"  was declared but never referenced
  	uint32_t ulCount = 0;  
..\..\Drivers\NRF2401.c: 4 warnings, 0 errors
compiling BSP_GPIO.c...
compiling BSP.c...
compiling BSP_DWT.c...
assembling startup_stm32f427_437xx.s...
compiling BSP_USART_DMA.c...
..\..\BSP\BSP_USART_DMA.c(633): warning:  #550-D: variable "data"  was set but never used
      u16 data;  
..\..\BSP\BSP_USART_DMA.c(657): warning:  #550-D: variable "data"  was set but never used
      u16 data;  
..\..\BSP\BSP_USART_DMA.c(682): warning:  #550-D: variable "data"  was set but never used
      u16 data;  
..\..\BSP\BSP_USART_DMA.c(707): warning:  #550-D: variable "data"  was set but never used
      u16 data;  
..\..\BSP\BSP_USART_DMA.c(732): warning:  #550-D: variable "data"  was set but never used
      u16 data;  
..\..\BSP\BSP_USART_DMA.c(756): warning:  #550-D: variable "data"  was set but never used
      u16 data;  
..\..\BSP\BSP_USART_DMA.c: 6 warnings, 0 errors
compiling BSP_SPI_HW.c...
..\..\BSP\BSP_SPI_HW.c(110): warning:  #177-D: function "bsp_spiWrite0"  was declared but never referenced
  __STATIC_INLINE void bsp_spiWrite0(uint8_t _ucByte)
..\..\BSP\BSP_SPI_HW.c(138): warning:  #177-D: function "bsp_spiRead0"  was declared but never referenced
  __STATIC_INLINE uint8_t bsp_spiRead0(void)
..\..\BSP\BSP_SPI_HW.c: 2 warnings, 0 errors
compiling BSP_TIM_PWM.c...
compiling BSP_TIM_ENCORDE.c...
..\..\BSP\BSP_TIM_ENCORDE.c(31): warning:  #550-D: variable "NVIC_InitStructure"  was set but never used
  	NVIC_InitTypeDef 	NVIC_InitStructure;			//配置NVIC初始化结构体
..\..\BSP\BSP_TIM_ENCORDE.c: 1 warning, 0 errors
compiling system_stm32f4xx.c...
compiling misc.c...
compiling BSP_ADC.c...
compiling stm32f4xx_crc.c...
compiling stm32f4xx_adc.c...
compiling stm32f4xx_cec.c...
compiling stm32f4xx_can.c...
compiling stm32f4xx_cryp.c...
compiling stm32f4xx_cryp_des.c...
compiling stm32f4xx_dbgmcu.c...
compiling stm32f4xx_cryp_tdes.c...
compiling stm32f4xx_dac.c...
compiling stm32f4xx_dcmi.c...
compiling stm32f4xx_cryp_aes.c...
compiling stm32f4xx_dfsdm.c...
compiling stm32f4xx_dma.c...
compiling stm32f4xx_dsi.c...
compiling stm32f4xx_dma2d.c...
compiling stm32f4xx_exti.c...
compiling stm32f4xx_flash_ramfunc.c...
compiling stm32f4xx_flash.c...
compiling stm32f4xx_fmpi2c.c...
compiling stm32f4xx_gpio.c...
compiling stm32f4xx_hash.c...
compiling stm32f4xx_hash_md5.c...
compiling stm32f4xx_hash_sha1.c...
compiling stm32f4xx_i2c.c...
compiling stm32f4xx_iwdg.c...
compiling stm32f4xx_lptim.c...
compiling stm32f4xx_qspi.c...
compiling stm32f4xx_pwr.c...
compiling stm32f4xx_ltdc.c...
compiling stm32f4xx_rng.c...
compiling stm32f4xx_rcc.c...
compiling stm32f4xx_sai.c...
compiling stm32f4xx_rtc.c...
compiling stm32f4xx_spdifrx.c...
compiling stm32f4xx_sdio.c...
compiling stm32f4xx_spi.c...
compiling stm32f4xx_syscfg.c...
compiling rt_Event.c...
compiling rt_MemBox.c...
compiling rt_List.c...
compiling rt_Mailbox.c...
compiling rt_Mutex.c...
compiling stm32f4xx_wwdg.c...
compiling stm32f4xx_usart.c...
compiling stm32f4xx_tim.c...
compiling rt_Robin.c...
compiling rt_Semaphore.c...
compiling rt_Time.c...
compiling rt_Timer.c...
assembling SVC_Table.s...
compiling rt_System.c...
compiling rt_Task.c...
compiling HAL_CM4.c...
linking...
Program Size: Code=24900 RO-data=932 RW-data=308 ZI-data=15716  
FromELF: creating hex file...
".\Objects\benhuan.axf" - 0 Error(s), 17 Warning(s).

<h2>Software Packages used:</h2>

Package Vendor: Keil
                http://www.keil.com/pack/Keil.STM32F4xx_DFP.2.14.0.pack
                Keil.STM32F4xx_DFP.2.14.0
                STMicroelectronics STM32F4 Series Device Support, Drivers and Examples

<h2>Collection of Component include folders:</h2>
  .\RTE\_BENHUAN
  C:\Keil_v5\Keil\STM32F4xx_DFP\2.14.0\Drivers\CMSIS\Device\ST\STM32F4xx\Include

<h2>Collection of Component Files used:</h2>
Build Time Elapsed:  00:00:21
</pre>
</body>
</html>
